Component: ARM Compiler 5.06 update 7 (build 960) Tool: armlink [4d3601]

==============================================================================

Section Cross References

    startup_stm32f103xe.o(STACK) refers (Special) to heapauxi.o(.text) for __use_two_region_memory
    startup_stm32f103xe.o(HEAP) refers (Special) to heapauxi.o(.text) for __use_two_region_memory
    startup_stm32f103xe.o(RESET) refers (Special) to heapauxi.o(.text) for __use_two_region_memory
    startup_stm32f103xe.o(RESET) refers to startup_stm32f103xe.o(STACK) for __initial_sp
    startup_stm32f103xe.o(RESET) refers to startup_stm32f103xe.o(.text) for Reset_Handler
    startup_stm32f103xe.o(RESET) refers to stm32f1xx_it.o(i.NMI_Handler) for NMI_Handler
    startup_stm32f103xe.o(RESET) refers to stm32f1xx_it.o(i.HardFault_Handler) for HardFault_Handler
    startup_stm32f103xe.o(RESET) refers to stm32f1xx_it.o(i.MemManage_Handler) for MemManage_Handler
    startup_stm32f103xe.o(RESET) refers to stm32f1xx_it.o(i.BusFault_Handler) for BusFault_Handler
    startup_stm32f103xe.o(RESET) refers to stm32f1xx_it.o(i.UsageFault_Handler) for UsageFault_Handler
    startup_stm32f103xe.o(RESET) refers to stm32f1xx_it.o(i.SVC_Handler) for SVC_Handler
    startup_stm32f103xe.o(RESET) refers to stm32f1xx_it.o(i.DebugMon_Handler) for DebugMon_Handler
    startup_stm32f103xe.o(RESET) refers to stm32f1xx_it.o(i.PendSV_Handler) for PendSV_Handler
    startup_stm32f103xe.o(RESET) refers to stm32f1xx_it.o(i.SysTick_Handler) for SysTick_Handler
    startup_stm32f103xe.o(RESET) refers to stm32f1xx_it.o(i.USART1_IRQHandler) for USART1_IRQHandler
    startup_stm32f103xe.o(RESET) refers to stm32f1xx_it.o(i.USART2_IRQHandler) for USART2_IRQHandler
    startup_stm32f103xe.o(.text) refers (Special) to heapauxi.o(.text) for __use_two_region_memory
    startup_stm32f103xe.o(.text) refers to system_stm32f1xx.o(i.SystemInit) for SystemInit
    startup_stm32f103xe.o(.text) refers to __main.o(!!!main) for __main
    startup_stm32f103xe.o(.text) refers to startup_stm32f103xe.o(HEAP) for Heap_Mem
    startup_stm32f103xe.o(.text) refers to startup_stm32f103xe.o(STACK) for Stack_Mem
    main.o(i.SystemClock_Config) refers to rt_memclr_w.o(.text) for __aeabi_memclr4
    main.o(i.SystemClock_Config) refers to stm32f1xx_hal_rcc.o(i.HAL_RCC_OscConfig) for HAL_RCC_OscConfig
    main.o(i.SystemClock_Config) refers to stm32f1xx_hal_rcc.o(i.HAL_RCC_ClockConfig) for HAL_RCC_ClockConfig
    main.o(i.main) refers to _printf_percent.o(.ARM.Collect$$_printf_percent$$00000000) for _printf_percent
    main.o(i.main) refers to _printf_d.o(.ARM.Collect$$_printf_percent$$00000009) for _printf_d
    main.o(i.main) refers to _printf_s.o(.ARM.Collect$$_printf_percent$$00000014) for _printf_s
    main.o(i.main) refers to _printf_dec.o(.text) for _printf_int_dec
    main.o(i.main) refers to _printf_str.o(.text) for _printf_str
    main.o(i.main) refers to _scanf_int.o(.text) for _scanf_int
    main.o(i.main) refers to stm32f1xx_hal.o(i.HAL_Init) for HAL_Init
    main.o(i.main) refers to main.o(i.SystemClock_Config) for SystemClock_Config
    main.o(i.main) refers to gpio.o(i.MX_GPIO_Init) for MX_GPIO_Init
    main.o(i.main) refers to usart.o(i.MX_USART1_UART_Init) for MX_USART1_UART_Init
    main.o(i.main) refers to usart.o(i.MX_USART2_UART_Init) for MX_USART2_UART_Init
    main.o(i.main) refers to stm32f1xx_hal_uart.o(i.HAL_UART_Receive_IT) for HAL_UART_Receive_IT
    main.o(i.main) refers to usart.o(i.UART2_Printf) for UART2_Printf
    main.o(i.main) refers to l610_init.o(i.Fibcom_L610_init) for Fibcom_L610_init
    main.o(i.main) refers to l610_tcp.o(i.Check_socket) for Check_socket
    main.o(i.main) refers to l610_tcp.o(i.Creat_TCP) for Creat_TCP
    main.o(i.main) refers to __2printf.o(.text) for __2printf
    main.o(i.main) refers to strstr.o(.text) for strstr
    main.o(i.main) refers to __0sscanf.o(.text) for __0sscanf
    main.o(i.main) refers to rt_memclr.o(.text) for __aeabi_memclr
    main.o(i.main) refers to usart.o(.data) for usart1RxBuffer
    main.o(i.main) refers to usart.o(.bss) for huart1
    main.o(i.main) refers to usart.o(.data) for uart_rx_flag
    main.o(i.main) refers to main.o(.data) for .data
    main.o(i.main) refers to usart.o(.data) for rx_cnt
    main.o(i.main) refers to usart.o(.bss) for data_buff
    gpio.o(i.MX_GPIO_Init) refers to stm32f1xx_hal_gpio.o(i.HAL_GPIO_WritePin) for HAL_GPIO_WritePin
    gpio.o(i.MX_GPIO_Init) refers to stm32f1xx_hal_gpio.o(i.HAL_GPIO_Init) for HAL_GPIO_Init
    usart.o(.rev16_text) refers (Special) to use_no_semi_2.o(.text) for __use_no_semihosting
    usart.o(.revsh_text) refers (Special) to use_no_semi_2.o(.text) for __use_no_semihosting
    usart.o(.rrx_text) refers (Special) to use_no_semi_2.o(.text) for __use_no_semihosting
    usart.o(i.HAL_UART_MspDeInit) refers (Special) to use_no_semi_2.o(.text) for __use_no_semihosting
[...]
    .ARM.Collect$$rtentry$$0000000C          0x08000262   Section        0  __rtentry2.o(.ARM.Collect$$rtentry$$0000000C)
    .ARM.Collect$$rtentry$$0000000D          0x08000262   Section        8  __rtentry2.o(.ARM.Collect$$rtentry$$0000000D)
    .ARM.Collect$$rtexit$$00000000           0x0800026a   Section        2  rtexit.o(.ARM.Collect$$rtexit$$00000000)
    .ARM.Collect$$rtexit$$00000002           0x0800026c   Section        0  rtexit2.o(.ARM.Collect$$rtexit$$00000002)
    .ARM.Collect$$rtexit$$00000003           0x0800026c   Section        4  rtexit2.o(.ARM.Collect$$rtexit$$00000003)
    .ARM.Collect$$rtexit$$00000004           0x08000270   Section        6  rtexit2.o(.ARM.Collect$$rtexit$$00000004)
    .text                                    0x08000278   Section       64  startup_stm32f103xe.o(.text)
    .text                                    0x080002b8   Section        2  use_no_semi_2.o(.text)
    .text                                    0x080002bc   Section        0  vsprintf.o(.text)
    .text                                    0x080002e0   Section        0  __2printf.o(.text)
    .text                                    0x080002f8   Section        0  _printf_str.o(.text)
    .text                                    0x0800034c   Section        0  _printf_dec.o(.text)
    .text                                    0x080003c4   Section        0  __printf_flags_ss_wp.o(.text)
    .text                                    0x0800054c   Section        0  __0sscanf.o(.text)
    .text                                    0x08000588   Section        0  _scanf_int.o(.text)
    .text                                    0x080006d4   Section        0  strstr.o(.text)
    .text                                    0x080006f8   Section       68  rt_memclr.o(.text)
    .text                                    0x0800073c   Section       78  rt_memclr_w.o(.text)
    .text                                    0x0800078a   Section        0  heapauxi.o(.text)
    .text                                    0x08000790   Section        2  use_no_semi.o(.text)
    .text                                    0x08000792   Section        0  _printf_pad.o(.text)
    .text                                    0x080007e0   Section        0  _printf_truncate.o(.text)
    .text                                    0x08000804   Section        0  _printf_intcommon.o(.text)
    .text                                    0x080008b6   Section        0  _printf_charcount.o(.text)
    .text                                    0x080008e0   Section        0  _printf_char_common.o(.text)
    _printf_input_char                       0x080008e1   Thumb Code    10  _printf_char_common.o(.text)
    .text                                    0x08000910   Section        0  _sputc.o(.text)
    .text                                    0x0800091a   Section        0  _printf_char.o(.text)
    .text                                    0x08000948   Section        0  _printf_char_file.o(.text)
    .text                                    0x0800096c   Section        0  _printf_wctomb.o(.text)
    .text                                    0x08000a28   Section        0  _printf_longlong_dec.o(.text)
    .text                                    0x08000aa4   Section        0  _printf_oct_int_ll.o(.text)
    _printf_longlong_oct_internal            0x08000aa5   Thumb Code     0  _printf_oct_int_ll.o(.text)
    .text                                    0x08000b14   Section        0  _printf_hex_int_ll_ptr.o(.text)
    _printf_hex_common                       0x08000b15   Thumb Code     0  _printf_hex_int_ll_ptr.o(.text)
    .text                                    0x08000ba8   Section        0  _chval.o(.text)
    .text                                    0x08000bc4   Section        0  scanf_char.o(.text)
    _scanf_char_input                        0x08000bc5   Thumb Code    12  scanf_char.o(.text)
    .text                                    0x08000bf0   Section        0  _sgetc.o(.text)
    .text                                    0x08000c30   Section      138  lludiv10.o(.text)
    .text                                    0x08000cba   Section        0  isspace.o(.text)
    .text                                    0x08000ccc   Section        0  _printf_fp_dec.o(.text)
    _fp_digits                               0x08000ccf   Thumb Code   432  _printf_fp_dec.o(.text)
    .text                                    0x080010ec   Section        0  _printf_fp_hex.o(.text)
    .text                                    0x080013e8   Section        0  _printf_wchar.o(.text)
    .text                                    0x08001414   Section        0  _scanf.o(.text)
    .text                                    0x08001788   Section        0  ferror.o(.text)
    .text                                    0x08001790   Section        0  _wcrtomb.o(.text)
    .text                                    0x080017d0   Section       74  sys_stackheap_outer.o(.text)
    .text                                    0x0800181c   Section       16  rt_ctype_table.o(.text)
    .text                                    0x0800182c   Section        8  rt_locale_intlibspace.o(.text)
    .text                                    0x08001834   Section        0  _printf_fp_infnan.o(.text)
    .text                                    0x080018b4   Section        0  bigflt0.o(.text)
    .text                                    0x08001998   Section        0  exit.o(.text)
    .text                                    0x080019ac   Section        8  libspace.o(.text)
    .text                                    0x080019b4   Section      128  strcmpv7m.o(.text)
    CL$$btod_d2e                             0x08001a34   Section       62  btod.o(CL$$btod_d2e)
    CL$$btod_d2e_denorm_low                  0x08001a72   Section       70  btod.o(CL$$btod_d2e_denorm_low)
    CL$$btod_d2e_norm_op1                    0x08001ab8   Section       96  btod.o(CL$$btod_d2e_norm_op1)
    CL$$btod_div_common                      0x08001b18   Section      824  btod.o(CL$$btod_div_common)
    CL$$btod_e2e                             0x08001e50   Section      220  btod.o(CL$$btod_e2e)
    CL$$btod_ediv                            0x08001f2c   Section       42  btod.o(CL$$btod_ediv)
    CL$$btod_emul                            0x08001f56   Section       42  btod.o(CL$$btod_emul)
    CL$$btod_mult_common                     0x08001f80   Section      580  btod.o(CL$$btod_mult_common)
    i.ATI_check                              0x080021c4   Section        0  l610_init.o(i.ATI_check)
    i.AT_check                               0x080021e0   Section        0  l610_init.o(i.AT_check)
    i.BusFault_Handler                       0x08002268   Section        0  stm32f1xx_it.o(i.BusFault_Handler)
    i.CPIN_check                             0x0800226c   Section        0  l610_init.o(i.CPIN_check)
    i.CSQ_check                              0x080022d8   Section        0  l610_init.o(i.CSQ_check)
    i.Check_socket                           0x08002384   Section        0  l610_tcp.o(i.Check_socket)
    i.Clear_Buffer                           0x080023ec   Section        0  l610_init.o(i.Clear_Buffer)
    i.Creat_TCP                              0x08002410   Section        0  l610_tcp.o(i.Creat_TCP)
    i.DebugMon_Handler                       0x08002494   Section        0  stm32f1xx_it.o(i.DebugMon_Handler)
    i.EPS_check                              0x08002498   Section        0  l610_init.o(i.EPS_check)
    i.Error_Handler                          0x08002524   Section        0  main.o(i.Error_Handler)
    i.Fibcom_L610_init                       0x08002528   Section        0  l610_init.o(i.Fibcom_L610_init)
    i.GPRS_check                             0x08002618   Section        0  l610_init.o(i.GPRS_check)
    i.HAL_DMA_Abort                          0x08002698   Section        0  stm32f1xx_hal_dma.o(i.HAL_DMA_Abort)
    i.HAL_DMA_Abort_IT                       0x080026e0   Section        0  stm32f1xx_hal_dma.o(i.HAL_DMA_Abort_IT)
    i.HAL_Delay                              0x08002810   Section        0  stm32f1xx_hal.o(i.HAL_Delay)
    i.HAL_GPIO_Init                          0x08002834   Section        0  stm32f1xx_hal_gpio.o(i.HAL_GPIO_Init)
    i.HAL_GPIO_WritePin                      0x08002a2c   Section        0  stm32f1xx_hal_gpio.o(i.HAL_GPIO_WritePin)
    i.HAL_GetTick                            0x08002a38   Section        0  stm32f1xx_hal.o(i.HAL_GetTick)
    i.HAL_IncTick                            0x08002a44   Section        0  stm32f1xx_hal.o(i.HAL_IncTick)
    i.HAL_Init                               0x08002a54   Section        0  stm32f1xx_hal.o(i.HAL_Init)
    i.HAL_InitTick                           0x08002a78   Section        0  stm32f1xx_hal.o(i.HAL_InitTick)
    i.HAL_MspInit                            0x08002ab8   Section        0  stm32f1xx_hal_msp.o(i.HAL_MspInit)
    i.HAL_NVIC_EnableIRQ                     0x08002afc   Section        0  stm32f1xx_hal_cortex.o(i.HAL_NVIC_EnableIRQ)
    i.HAL_NVIC_SetPriority                   0x08002b18   Section        0  stm32f1xx_hal_cortex.o(i.HAL_NVIC_SetPriority)
    i.HAL_NVIC_SetPriorityGrouping           0x08002b58   Section        0  stm32f1xx_hal_cortex.o(i.HAL_NVIC_SetPriorityGrouping)
    i.HAL_RCC_ClockConfig                    0x08002b7c   Section        0  stm32f1xx_hal_rcc.o(i.HAL_RCC_ClockConfig)
    i.HAL_RCC_GetPCLK1Freq                   0x08002ca8   Section        0  stm32f1xx_hal_rcc.o(i.HAL_RCC_GetPCLK1Freq)
    i.HAL_RCC_GetPCLK2Freq                   0x08002cc8   Section        0  stm32f1xx_hal_rcc.o(i.HAL_RCC_GetPCLK2Freq)
    i.HAL_RCC_GetSysClockFreq                0x08002ce8   Section        0  stm32f1xx_hal_rcc.o(i.HAL_RCC_GetSysClockFreq)
    i.HAL_RCC_OscConfig                      0x08002d54   Section        0  stm32f1xx_hal_rcc.o(i.HAL_RCC_OscConfig)
    i.HAL_SYSTICK_Config                     0x08003074   Section        0  stm32f1xx_hal_cortex.o(i.HAL_SYSTICK_Config)
    i.HAL_UARTEx_RxEventCallback             0x0800309c   Section        0  stm32f1xx_hal_uart.o(i.HAL_UARTEx_RxEventCallback)
    i.HAL_UART_ErrorCallback                 0x0800309e   Section        0  stm32f1xx_hal_uart.o(i.HAL_UART_ErrorCallback)
    i.HAL_UART_IRQHandler                    0x080030a0   Section        0  stm32f1xx_hal_uart.o(i.HAL_UART_IRQHandler)
    i.HAL_UART_Init                          0x080032ac   Section        0  stm32f1xx_hal_uart.o(i.HAL_UART_Init)
    i.HAL_UART_MspInit                       0x08003310   Section        0  usart.o(i.HAL_UART_MspInit)
    i.HAL_UART_Receive_IT                    0x080033e8   Section        0  stm32f1xx_hal_uart.o(i.HAL_UART_Receive_IT)
    i.HAL_UART_RxCpltCallback                0x08003414   Section        0  usart.o(i.HAL_UART_RxCpltCallback)
    i.HAL_UART_Transmit                      0x0800344c   Section        0  stm32f1xx_hal_uart.o(i.HAL_UART_Transmit)
    i.HAL_UART_TxCpltCallback                0x080034fe   Section        0  stm32f1xx_hal_uart.o(i.HAL_UART_TxCpltCallback)
    i.HardFault_Handler                      0x08003500   Section        0  stm32f1xx_it.o(i.HardFault_Handler)
    i.Hex_set                                0x08003504   Section        0  l610_init.o(i.Hex_set)
    i.IP_allo                                0x08003570   Section        0  l610_tcp.o(i.IP_allo)
    i.MX_GPIO_Init                           0x08003634   Section        0  gpio.o(i.MX_GPIO_Init)
    i.MX_USART1_UART_Init                    0x080036a4   Section        0  usart.o(i.MX_USART1_UART_Init)
    i.MX_USART2_UART_Init                    0x080036dc   Section        0  usart.o(i.MX_USART2_UART_Init)
    i.MemManage_Handler                      0x08003714   Section        0  stm32f1xx_it.o(i.MemManage_Handler)
    i.NMI_Handler                            0x08003716   Section        0  stm32f1xx_it.o(i.NMI_Handler)
    i.PendSV_Handler                         0x08003718   Section        0  stm32f1xx_it.o(i.PendSV_Handler)
    i.SVC_Handler                            0x0800371a   Section        0  stm32f1xx_it.o(i.SVC_Handler)
    i.SysTick_Handler                        0x0800371c   Section        0  stm32f1xx_it.o(i.SysTick_Handler)
    i.SystemClock_Config                     0x08003720   Section        0  main.o(i.SystemClock_Config)
    i.SystemInit                             0x0800377c   Section        0  system_stm32f1xx.o(i.SystemInit)
    i.UART2_Printf                           0x08003780   Section        0  usart.o(i.UART2_Printf)
    i.UART_DMAAbortOnError                   0x080037ac   Section        0  stm32f1xx_hal_uart.o(i.UART_DMAAbortOnError)
    UART_DMAAbortOnError                     0x080037ad   Thumb Code    16  stm32f1xx_hal_uart.o(i.UART_DMAAbortOnError)
    i.UART_EndRxTransfer                     0x080037bc   Section        0  stm32f1xx_hal_uart.o(i.UART_EndRxTransfer)
    UART_EndRxTransfer                       0x080037bd   Thumb Code    48  stm32f1xx_hal_uart.o(i.UART_EndRxTransfer)
    i.UART_Receive_IT                        0x080037ec   Section        0  stm32f1xx_hal_uart.o(i.UART_Receive_IT)
    UART_Receive_IT                          0x080037ed   Thumb Code   182  stm32f1xx_hal_uart.o(i.UART_Receive_IT)
    i.UART_SetConfig                         0x080038a4   Section        0  stm32f1xx_hal_uart.o(i.UART_SetConfig)
    UART_SetConfig                           0x080038a5   Thumb Code   178  stm32f1xx_hal_uart.o(i.UART_SetConfig)
    i.UART_Start_Receive_IT                  0x0800395c   Section        0  stm32f1xx_hal_uart.o(i.UART_Start_Receive_IT)
    i.UART_WaitOnFlagUntilTimeout            0x08003992   Section        0  stm32f1xx_hal_uart.o(i.UART_WaitOnFlagUntilTimeout)
    UART_WaitOnFlagUntilTimeout              0x08003993   Thumb Code   100  stm32f1xx_hal_uart.o(i.UART_WaitOnFlagUntilTimeout)
    i.USART1_IRQHandler                      0x080039f8   Section        0  stm32f1xx_it.o(i.USART1_IRQHandler)
    i.USART2_IRQHandler                      0x08003a04   Section        0  stm32f1xx_it.o(i.USART2_IRQHandler)
    i.UsageFault_Handler                     0x08003a10   Section        0  stm32f1xx_it.o(i.UsageFault_Handler)
    i.__ARM_fpclassify                       0x08003a12   Section        0  fpclassify.o(i.__ARM_fpclassify)
    i.__NVIC_SetPriority                     0x08003a3a   Section        0  stm32f1xx_hal_cortex.o(i.__NVIC_SetPriority)
    __NVIC_SetPriority                       0x08003a3b   Thumb Code    32  stm32f1xx_hal_cortex.o(i.__NVIC_SetPriority)
    i._is_digit                              0x08003a5a   Section        0  __printf_wp.o(i._is_digit)
    i._sys_exit                              0x08003a68   Section        0  usart.o(i._sys_exit)
    i.fputc                                  0x08003a6c   Section        0  usart.o(i.fputc)
    i.main                                   0x08003a84   Section        0  main.o(i.main)
    locale$$code                             0x08003cbc   Section       44  lc_numeric_c.o(locale$$code)
    locale$$code                             0x08003ce8   Section       44  lc_ctype_c.o(locale$$code)
    x$fpl$printf1                            0x08003d14   Section        4  printf1.o(x$fpl$printf1)
    x$fpl$printf2                            0x08003d18   Section        4  printf2.o(x$fpl$printf2)
    .constdata                               0x08003d1c   Section       16  system_stm32f1xx.o(.constdata)
    x$fpl$usenofp                            0x08003d1c   Section        0  usenofp.o(x$fpl$usenofp)
    .constdata                               0x08003d2c   Section        8  system_stm32f1xx.o(.constdata)
    .constdata                               0x08003d34   Section       17  __printf_flags_ss_wp.o(.constdata)
    maptable                                 0x08003d34   Data          17  __printf_flags_ss_wp.o(.constdata)
    .constdata                               0x08003d48   Section        8  _printf_wctomb.o(.constdata)
    initial_mbstate                          0x08003d48   Data           8  _printf_wctomb.o(.constdata)
    .constdata                               0x08003d50   Section       40  _printf_hex_int_ll_ptr.o(.constdata)
    uc_hextab                                0x08003d50   Data          20  _printf_hex_int_ll_ptr.o(.constdata)
    lc_hextab                                0x08003d64   Data          20  _printf_hex_int_ll_ptr.o(.constdata)
    .constdata                               0x08003d78   Section       38  _printf_fp_hex.o(.constdata)
    lc_hextab                                0x08003d78   Data          19  _printf_fp_hex.o(.constdata)
    uc_hextab                                0x08003d8b   Data          19  _printf_fp_hex.o(.constdata)
    .constdata                               0x08003da0   Section      148  bigflt0.o(.constdata)
    tenpwrs_x                                0x08003da0   Data          60  bigflt0.o(.constdata)
    tenpwrs_i                                0x08003ddc   Data          64  bigflt0.o(.constdata)
    locale$$data                             0x08003e54   Section       28  lc_numeric_c.o(locale$$data)
    __lcnum_c_name                           0x08003e58   Data           2  lc_numeric_c.o(locale$$data)
    __lcnum_c_start                          0x08003e60   Data           0  lc_numeric_c.o(locale$$data)
    __lcnum_c_point                          0x08003e6c   Data           0  lc_numeric_c.o(locale$$data)
    __lcnum_c_thousands                      0x08003e6e   Data           0  lc_numeric_c.o(locale$$data)
    __lcnum_c_grouping                       0x08003e6f   Data           0  lc_numeric_c.o(locale$$data)
    locale$$data                             0x08003e70   Section      272  lc_ctype_c.o(locale$$data)
    __lcnum_c_end                            0x08003e70   Data           0  lc_numeric_c.o(locale$$data)
    __lcctype_c_name                         0x08003e74   Data           2  lc_ctype_c.o(locale$$data)
    __lcctype_c_start                        0x08003e7c   Data           0  lc_ctype_c.o(locale$$data)
    __lcctype_c_end                          0x08003f80   Data           0  lc_ctype_c.o(locale$$data)
    .data                                    0x20000000   Section        1  main.o(.data)
    .data                                    0x20000004   Section        8  main.o(.data)
    .data                                    0x2000000c   Section        4  usart.o(.data)
    .data                                    0x20000010   Section        1  usart.o(.data)
    .data                                    0x20000014   Section        4  usart.o(.data)
    .data                                    0x20000018   Section        4  usart.o(.data)
    .data                                    0x2000001c   Section       12  stm32f1xx_hal.o(.data)
    .data                                    0x20000028   Section        4  system_stm32f1xx.o(.data)
    .data                                    0x2000002c   Section        8  l610_init.o(.data)
    .bss                                     0x20000034   Section      200  main.o(.bss)
    .bss                                     0x200000fc   Section      255  usart.o(.bss)
    .bss                                     0x200001fc   Section      136  usart.o(.bss)
    .bss                                     0x20000284   Section       96  libspace.o(.bss)
    HEAP                                     0x200002e8   Section      512  startup_stm32f103xe.o(HEAP)
    Heap_Mem                                 0x200002e8   Data         512  startup_stm32f103xe.o(HEAP)
    STACK                                    0x200004e8   Section     1024  startup_stm32f103xe.o(STACK)
    Stack_Mem                                0x200004e8   Data        1024  startup_stm32f103xe.o(STACK)
    __initial_sp                             0x200008e8   Data           0  startup_stm32f103xe.o(STACK)

    Global Symbols

    Symbol Name                              Value     Ov Type        Size  Object(Section)

    BuildAttributes$$THM_ISAv4$P$D$K$B$S$PE$A:L22UL41UL21$X:L11$S22US41US21$IEEE1$IW$USESV6$~STKCKD$USESV7$~SHL$OTIME$ROPI$IEEEJ$EBA8$UX$STANDARDLIB$REQ8$PRES8$EABIv2 0x00000000   Number         0  anon$$obj.o ABSOLUTE
    __ARM_use_no_argv                        0x00000000   Number         0  main.o ABSOLUTE
    _printf_flags                            0x00000000   Number         0  printf_stubs.o ABSOLUTE
    _printf_return_value                     0x00000000   Number         0  printf_stubs.o ABSOLUTE
    _printf_sizespec                         0x00000000   Number         0  printf_stubs.o ABSOLUTE
    _printf_widthprec                        0x00000000   Number         0  printf_stubs.o ABSOLUTE
    __ARM_exceptions_init                     - Undefined Weak Reference
    __alloca_initialize                       - Undefined Weak Reference
    __arm_fini_                               - Undefined Weak Reference
    __arm_preinit_                            - Undefined Weak Reference
    __cpp_initialize__aeabi_                  - Undefined Weak Reference
    __cxa_finalize                            - Undefined Weak Reference
    __sigvec_lookup                           - Undefined Weak Reference
    _atexit_init                              - Undefined Weak Reference
    _call_atexit_fns                          - Undefined Weak Reference
    _clock_init                               - Undefined Weak Reference
    _fp_trap_init                             - Undefined Weak Reference
    _fp_trap_shutdown                         - Undefined Weak Reference
    _get_lc_collate                           - Undefined Weak Reference
    _get_lc_monetary                          - Undefined Weak Reference
    _get_lc_time                              - Undefined Weak Reference
    _getenv_init                              - Undefined Weak Reference
    _handle_redirection                       - Undefined Weak Reference
    _init_alloc                               - Undefined Weak Reference
    _init_user_alloc                          - Undefined Weak Reference
    _initio                                   - Undefined Weak Reference
    _mutex_acquire                            - Undefined Weak Reference
    _mutex_release                            - Undefined Weak Reference
    _printf_mbtowc                            - Undefined Weak Reference
    _printf_wc                                - Undefined Weak Reference
    _rand_init                                - Undefined Weak Reference
    _scanf_longlong                           - Undefined Weak Reference
    _scanf_mbtowc                             - Undefined Weak Reference
    _scanf_real                               - Undefined Weak Reference
    _scanf_string                             - Undefined Weak Reference
    _scanf_wctomb                             - Undefined Weak Reference
    _scanf_wstring                            - Undefined Weak Reference
    _signal_finish                            - Undefined Weak Reference
    _signal_init                              - Undefined Weak Reference
    _terminate_alloc                          - Undefined Weak Reference
    _terminate_user_alloc                     - Undefined Weak Reference
    _terminateio                              - Undefined Weak Reference
    __Vectors_Size                           0x00000130   Number         0  startup_stm32f103xe.o ABSOLUTE
    __Vectors                                0x08000000   Data           4  startup_stm32f103xe.o(RESET)
    __Vectors_End                            0x08000130   Data           0  startup_stm32f103xe.o(RESET)
    __main                                   0x08000131   Thumb Code     8  __main.o(!!!main)
    __scatterload                            0x08000139   Thumb Code     0  __scatter.o(!!!scatter)
    __scatterload_rt2                        0x08000139   Thumb Code    44  __scatter.o(!!!scatter)
    __scatterload_rt2_thumb_only             0x08000139   Thumb Code     0  __scatter.o(!!!scatter)
    __scatterload_null                       0x08000147   Thumb Code     0  __scatter.o(!!!scatter)
    __scatterload_copy                       0x0800016d   Thumb Code    26  __scatter_copy.o(!!handler_copy)
    __scatterload_zeroinit                   0x08000189   Thumb Code    28  __scatter_zi.o(!!handler_zi)
    _printf_n                                0x080001a5   Thumb Code     0  _printf_n.o(.ARM.Collect$$_printf_percent$$00000001)
    _printf_percent                          0x080001a5   Thumb Code     0  _printf_percent.o(.ARM.Collect$$_printf_percent$$00000000)
    _printf_p                                0x080001ab   Thumb Code     0  _printf_p.o(.ARM.Collect$$_printf_percent$$00000002)
    _printf_f                                0x080001b1   Thumb Code     0  _printf_f.o(.ARM.Collect$$_printf_percent$$00000003)
    _printf_e                                0x080001b7   Thumb Code     0  _printf_e.o(.ARM.Collect$$_printf_percent$$00000004)
    _printf_g                                0x080001bd   Thumb Code     0  _printf_g.o(.ARM.Collect$$_printf_percent$$00000005)
    _printf_a                                0x080001c3   Thumb Code     0  _printf_a.o(.ARM.Collect$$_printf_percent$$00000006)
    _printf_ll                               0x080001c9   Thumb Code     0  _printf_ll.o(.ARM.Collect$$_printf_percent$$00000007)
    _printf_i                                0x080001d3   Thumb Code     0  _printf_i.o(.ARM.Collect$$_printf_percent$$00000008)
    _printf_d                                0x080001d9   Thumb Code     0  _printf_d.o(.ARM.Collect$$_printf_percent$$00000009)
    _printf_u                                0x080001df   Thumb Code     0  _printf_u.o(.ARM.Collect$$_printf_percent$$0000000A)
    _printf_o                                0x080001e5   Thumb Code     0  _printf_o.o(.ARM.Collect$$_printf_percent$$0000000B)
    _printf_x                                0x080001eb   Thumb Code     0  _printf_x.o(.ARM.Collect$$_printf_percent$$0000000C)
    _printf_lli                              0x080001f1   Thumb Code     0  _printf_lli.o(.ARM.Collect$$_printf_percent$$0000000D)
    _printf_lld                              0x080001f7   Thumb Code     0  _printf_lld.o(.ARM.Collect$$_printf_percent$$0000000E)
    _printf_llu                              0x080001fd   Thumb Code     0  _printf_llu.o(.ARM.Collect$$_printf_percent$$0000000F)
    _printf_llo                              0x08000203   Thumb Code     0  _printf_llo.o(.ARM.Collect$$_printf_percent$$00000010)
    _printf_llx                              0x08000209   Thumb Code     0  _printf_llx.o(.ARM.Collect$$_printf_percent$$00000011)
    _printf_l                                0x0800020f   Thumb Code     0  _printf_l.o(.ARM.Collect$$_printf_percent$$00000012)
    _printf_c                                0x08000219   Thumb Code     0  _printf_c.o(.ARM.Collect$$_printf_percent$$00000013)
    _printf_s                                0x0800021f   Thumb Code     0  _printf_s.o(.ARM.Collect$$_printf_percent$$00000014)
    _printf_lc                               0x08000225   Thumb Code     0  _printf_lc.o(.ARM.Collect$$_printf_percent$$00000015)
    _printf_ls                               0x0800022b   Thumb Code     0  _printf_ls.o(.ARM.Collect$$_printf_percent$$00000016)
    _printf_percent_end                      0x08000231   Thumb Code     0  _printf_percent_end.o(.ARM.Collect$$_printf_percent$$00000017)
    __rt_lib_init                            0x08000235   Thumb Code     0  libinit.o(.ARM.Collect$$libinit$$00000000)
    __rt_lib_init_fp_1                       0x08000237   Thumb Code     0  libinit2.o(.ARM.Collect$$libinit$$00000002)
    __rt_lib_init_heap_1                     0x08000237   Thumb Code     0  libinit2.o(.ARM.Collect$$libinit$$0000000A)
    __rt_lib_init_lc_common                  0x08000237   Thumb Code     0  libinit2.o(.ARM.Collect$$libinit$$0000000F)
    __rt_lib_init_preinit_1                  0x08000237   Thumb Code     0  libinit2.o(.ARM.Collect$$libinit$$00000004)
    __rt_lib_init_rand_1                     0x08000237   Thumb Code     0  libinit2.o(.ARM.Collect$$libinit$$0000000E)
    __rt_lib_init_user_alloc_1               0x08000237   Thumb Code     0  libinit2.o(.ARM.Collect$$libinit$$0000000C)
    __rt_lib_init_lc_collate_1               0x0800023d   Thumb Code     0  libinit2.o(.ARM.Collect$$libinit$$00000011)
    __rt_lib_init_lc_ctype_2                 0x0800023d   Thumb Code     0  libinit2.o(.ARM.Collect$$libinit$$00000012)
    __rt_lib_init_lc_ctype_1                 0x08000249   Thumb Code     0  libinit2.o(.ARM.Collect$$libinit$$00000013)
    __rt_lib_init_lc_monetary_1              0x08000249   Thumb Code     0  libinit2.o(.ARM.Collect$$libinit$$00000015)
    __rt_lib_init_lc_numeric_2               0x08000249   Thumb Code     0  libinit2.o(.ARM.Collect$$libinit$$00000016)
    __rt_lib_init_alloca_1                   0x08000253   Thumb Code     0  libinit2.o(.ARM.Collect$$libinit$$0000002E)
    __rt_lib_init_argv_1                     0x08000253   Thumb Code     0  libinit2.o(.ARM.Collect$$libinit$$0000002C)
    __rt_lib_init_atexit_1                   0x08000253   Thumb Code     0  libinit2.o(.ARM.Collect$$libinit$$0000001B)
    __rt_lib_init_clock_1                    0x08000253   Thumb Code     0  libinit2.o(.ARM.Collect$$libinit$$00000021)
    __rt_lib_init_cpp_1                      0x08000253   Thumb Code     0  libinit2.o(.ARM.Collect$$libinit$$00000032)
    __rt_lib_init_exceptions_1               0x08000253   Thumb Code     0  libinit2.o(.ARM.Collect$$libinit$$00000030)
    __rt_lib_init_fp_trap_1                  0x08000253   Thumb Code     0  libinit2.o(.ARM.Collect$$libinit$$0000001F)
    __rt_lib_init_getenv_1                   0x08000253   Thumb Code     0  libinit2.o(.ARM.Collect$$libinit$$00000023)
    __rt_lib_init_lc_numeric_1               0x08000253   Thumb Code     0  libinit2.o(.ARM.Collect$$libinit$$00000017)
    __rt_lib_init_lc_time_1                  0x08000253   Thumb Code     0  libinit2.o(.ARM.Collect$$libinit$$00000019)
    __rt_lib_init_return                     0x08000253   Thumb Code     0  libinit2.o(.ARM.Collect$$libinit$$00000033)
    __rt_lib_init_signal_1                   0x08000253   Thumb Code     0  libinit2.o(.ARM.Collect$$libinit$$0000001D)
    __rt_lib_init_stdio_1                    0x08000253   Thumb Code     0  libinit2.o(.ARM.Collect$$libinit$$00000025)
    __rt_lib_shutdown                        0x08000255   Thumb Code     0  libshutdown.o(.ARM.Collect$$libshutdown$$00000000)
    __rt_lib_shutdown_cpp_1                  0x08000257   Thumb Code     0  libshutdown2.o(.ARM.Collect$$libshutdown$$00000004)
    __rt_lib_shutdown_fini_1                 0x08000257   Thumb Code     0  libshutdown2.o(.ARM.Collect$$libshutdown$$00000002)
    __rt_lib_shutdown_fp_trap_1              0x08000257   Thumb Code     0  libshutdown2.o(.ARM.Collect$$libshutdown$$00000009)
    __rt_lib_shutdown_heap_1                 0x08000257   Thumb Code     0  libshutdown2.o(.ARM.Collect$$libshutdown$$00000011)
    __rt_lib_shutdown_return                 0x08000257   Thumb Code     0  libshutdown2.o(.ARM.Collect$$libshutdown$$00000012)
    __rt_lib_shutdown_signal_1               0x08000257   Thumb Code     0  libshutdown2.o(.ARM.Collect$$libshutdown$$0000000C)
    __rt_lib_shutdown_stdio_1                0x08000257   Thumb Code     0  libshutdown2.o(.ARM.Collect$$libshutdown$$00000006)
    __rt_lib_shutdown_user_alloc_1           0x08000257   Thumb Code     0  libshutdown2.o(.ARM.Collect$$libshutdown$$0000000E)
    __rt_entry                               0x08000259   Thumb Code     0  __rtentry.o(.ARM.Collect$$rtentry$$00000000)
    __rt_entry_presh_1                       0x08000259   Thumb Code     0  __rtentry2.o(.ARM.Collect$$rtentry$$00000002)
    __rt_entry_sh                            0x08000259   Thumb Code     0  __rtentry4.o(.ARM.Collect$$rtentry$$00000004)
    __rt_entry_li                            0x0800025f   Thumb Code     0  __rtentry2.o(.ARM.Collect$$rtentry$$0000000A)
    __rt_entry_postsh_1                      0x0800025f   Thumb Code     0  __rtentry2.o(.ARM.Collect$$rtentry$$00000009)
    __rt_entry_main                          0x08000263   Thumb Code     0  __rtentry2.o(.ARM.Collect$$rtentry$$0000000D)
    __rt_entry_postli_1                      0x08000263   Thumb Code     0  __rtentry2.o(.ARM.Collect$$rtentry$$0000000C)
    __rt_exit                                0x0800026b   Thumb Code     0  rtexit.o(.ARM.Collect$$rtexit$$00000000)
    __rt_exit_ls                             0x0800026d   Thumb Code     0  rtexit2.o(.ARM.Collect$$rtexit$$00000003)
    __rt_exit_prels_1                        0x0800026d   Thumb Code     0  rtexit2.o(.ARM.Collect$$rtexit$$00000002)
    __rt_exit_exit                           0x08000271   Thumb Code     0  rtexit2.o(.ARM.Collect$$rtexit$$00000004)
    Reset_Handler                            0x08000279   Thumb Code     8  startup_stm32f103xe.o(.text)
    ADC1_2_IRQHandler                        0x08000293   Thumb Code     0  startup_stm32f103xe.o(.text)
    ADC3_IRQHandler                          0x08000293   Thumb Code     0  startup_stm32f103xe.o(.text)
    CAN1_RX1_IRQHandler                      0x08000293   Thumb Code     0  startup_stm32f103xe.o(.text)
    CAN1_SCE_IRQHandler                      0x08000293   Thumb Code     0  startup_stm32f103xe.o(.text)
    DMA1_Channel1_IRQHandler                 0x08000293   Thumb Code     0  startup_stm32f103xe.o(.text)
    DMA1_Channel2_IRQHandler                 0x08000293   Thumb Code     0  startup_stm32f103xe.o(.text)
    DMA1_Channel3_IRQHandler                 0x08000293   Thumb Code     0  startup_stm32f103xe.o(.text)
    DMA1_Channel4_IRQHandler                 0x08000293   Thumb Code     0  startup_stm32f103xe.o(.text)
    DMA1_Channel5_IRQHandler                 0x08000293   Thumb Code     0  startup_stm32f103xe.o(.text)
    DMA1_Channel6_IRQHandler                 0x08000293   Thumb Code     0  startup_stm32f103xe.o(.text)
    DMA1_Channel7_IRQHandler                 0x08000293   Thumb Code     0  startup_stm32f103xe.o(.text)
    DMA2_Channel1_IRQHandler                 0x08000293   Thumb Code     0  startup_stm32f103xe.o(.text)
    DMA2_Channel2_IRQHandler                 0x08000293   Thumb Code     0  startup_stm32f103xe.o(.text)
    DMA2_Channel3_IRQHandler                 0x08000293   Thumb Code     0  startup_stm32f103xe.o(.text)
    DMA2_Channel4_5_IRQHandler               0x08000293   Thumb Code     0  startup_stm32f103xe.o(.text)
    EXTI0_IRQHandler                         0x08000293   Thumb Code     0  startup_stm32f103xe.o(.text)
    EXTI15_10_IRQHandler                     0x08000293   Thumb Code     0  startup_stm32f103xe.o(.text)
    EXTI1_IRQHandler                         0x08000293   Thumb Code     0  startup_stm32f103xe.o(.text)
    EXTI2_IRQHandler                         0x08000293   Thumb Code     0  startup_stm32f103xe.o(.text)
    EXTI3_IRQHandler                         0x08000293   Thumb Code     0  startup_stm32f103xe.o(.text)
    EXTI4_IRQHandler                         0x08000293   Thumb Code     0  startup_stm32f103xe.o(.text)
    EXTI9_5_IRQHandler                       0x08000293   Thumb Code     0  startup_stm32f103xe.o(.text)
    FLASH_IRQHandler                         0x08000293   Thumb Code     0  startup_stm32f103xe.o(.text)
    FSMC_IRQHandler                          0x08000293   Thumb Code     0  startup_stm32f103xe.o(.text)
    I2C1_ER_IRQHandler                       0x08000293   Thumb Code     0  startup_stm32f103xe.o(.text)
    I2C1_EV_IRQHandler                       0x08000293   Thumb Code     0  startup_stm32f103xe.o(.text)
    I2C2_ER_IRQHandler                       0x08000293   Thumb Code     0  startup_stm32f103xe.o(.text)
    I2C2_EV_IRQHandler                       0x08000293   Thumb Code     0  startup_stm32f103xe.o(.text)
    PVD_IRQHandler                           0x08000293   Thumb Code     0  startup_stm32f103xe.o(.text)
    RCC_IRQHandler                           0x08000293   Thumb Code     0  startup_stm32f103xe.o(.text)
    RTC_Alarm_IRQHandler                     0x08000293   Thumb Code     0  startup_stm32f103xe.o(.text)
    RTC_IRQHandler                           0x08000293   Thumb Code     0  startup_stm32f103xe.o(.text)
    SDIO_IRQHandler                          0x08000293   Thumb Code     0  startup_stm32f103xe.o(.text)
    SPI1_IRQHandler                          0x08000293   Thumb Code     0  startup_stm32f103xe.o(.text)
    SPI2_IRQHandler                          0x08000293   Thumb Code     0  startup_stm32f103xe.o(.text)
    SPI3_IRQHandler                          0x08000293   Thumb Code     0  startup_stm32f103xe.o(.text)
    TAMPER_IRQHandler                        0x08000293   Thumb Code     0  startup_stm32f103xe.o(.text)
    TIM1_BRK_IRQHandler                      0x08000293   Thumb Code     0  startup_stm32f103xe.o(.text)
    TIM1_CC_IRQHandler                       0x08000293   Thumb Code     0  startup_stm32f103xe.o(.text)
    TIM1_TRG_COM_IRQHandler                  0x08000293   Thumb Code     0  startup_stm32f103xe.o(.text)
    TIM1_UP_IRQHandler                       0x08000293   Thumb Code     0  startup_stm32f103xe.o(.text)
    TIM2_IRQHandler                          0x08000293   Thumb Code     0  startup_stm32f103xe.o(.text)
    TIM3_IRQHandler                          0x08000293   Thumb Code     0  startup_stm32f103xe.o(.text)
    TIM4_IRQHandler                          0x08000293   Thumb Code     0  startup_stm32f103xe.o(.text)
    TIM5_IRQHandler                          0x08000293   Thumb Code     0  startup_stm32f103xe.o(.text)
    TIM6_IRQHandler                          0x08000293   Thumb Code     0  startup_stm32f103xe.o(.text)
    TIM7_IRQHandler                          0x08000293   Thumb Code     0  startup_stm32f103xe.o(.text)
    TIM8_BRK_IRQHandler                      0x08000293   Thumb Code     0  startup_stm32f103xe.o(.text)
    TIM8_CC_IRQHandler                       0x08000293   Thumb Code     0  startup_stm32f103xe.o(.text)
    TIM8_TRG_COM_IRQHandler                  0x08000293   Thumb Code     0  startup_stm32f103xe.o(.text)
    TIM8_UP_IRQHandler                       0x08000293   Thumb Code     0  startup_stm32f103xe.o(.text)
    UART4_IRQHandler                         0x08000293   Thumb Code     0  startup_stm32f103xe.o(.text)
    UART5_IRQHandler                         0x08000293   Thumb Code     0  startup_stm32f103xe.o(.text)
    USART3_IRQHandler                        0x08000293   Thumb Code     0  startup_stm32f103xe.o(.text)
    USBWakeUp_IRQHandler                     0x08000293   Thumb Code     0  startup_stm32f103xe.o(.text)
    USB_HP_CAN1_TX_IRQHandler                0x08000293   Thumb Code     0  startup_stm32f103xe.o(.text)
    USB_LP_CAN1_RX0_IRQHandler               0x08000293   Thumb Code     0  startup_stm32f103xe.o(.text)
    WWDG_IRQHandler                          0x08000293   Thumb Code     0  startup_stm32f103xe.o(.text)
    __user_initial_stackheap                 0x08000295   Thumb Code     0  startup_stm32f103xe.o(.text)
    __use_no_semihosting                     0x080002b9   Thumb Code     2  use_no_semi_2.o(.text)
    vsprintf                                 0x080002bd   Thumb Code    32  vsprintf.o(.text)
    __2printf                                0x080002e1   Thumb Code    20  __2printf.o(.text)
    _printf_str                              0x080002f9   Thumb Code    82  _printf_str.o(.text)
    _printf_int_dec                          0x0800034d   Thumb Code   104  _printf_dec.o(.text)
    __printf                                 0x080003c5   Thumb Code   388  __printf_flags_ss_wp.o(.text)
    __0sscanf                                0x0800054d   Thumb Code    52  __0sscanf.o(.text)
    _scanf_int                               0x08000589   Thumb Code   332  _scanf_int.o(.text)
    strstr                                   0x080006d5   Thumb Code    36  strstr.o(.text)
    __aeabi_memclr                           0x080006f9   Thumb Code     0  rt_memclr.o(.text)
    __rt_memclr                              0x080006f9   Thumb Code    68  rt_memclr.o(.text)
    _memset                                  0x080006fd   Thumb Code     0  rt_memclr.o(.text)
    __aeabi_memclr4                          0x0800073d   Thumb Code     0  rt_memclr_w.o(.text)
    __aeabi_memclr8                          0x0800073d   Thumb Code     0  rt_memclr_w.o(.text)
    __rt_memclr_w                            0x0800073d   Thumb Code    78  rt_memclr_w.o(.text)
    _memset_w                                0x08000741   Thumb Code     0  rt_memclr_w.o(.text)
    __use_two_region_memory                  0x0800078b   Thumb Code     2  heapauxi.o(.text)
    __rt_heap_escrow$2region                 0x0800078d   Thumb Code     2  heapauxi.o(.text)
    __rt_heap_expand$2region                 0x0800078f   Thumb Code     2  heapauxi.o(.text)
    __I$use$semihosting                      0x08000791   Thumb Code     0  use_no_semi.o(.text)
    __use_no_semihosting_swi                 0x08000791   Thumb Code     2  use_no_semi.o(.text)
    _printf_pre_padding                      0x08000793   Thumb Code    44  _printf_pad.o(.text)
    _printf_post_padding                     0x080007bf   Thumb Code    34  _printf_pad.o(.text)
    _printf_truncate_signed                  0x080007e1   Thumb Code    18  _printf_truncate.o(.text)
    _printf_truncate_unsigned                0x080007f3   Thumb Code    18  _printf_truncate.o(.text)
    _printf_int_common                       0x08000805   Thumb Code   178  _printf_intcommon.o(.text)
    _printf_charcount                        0x080008b7   Thumb Code    40  _printf_charcount.o(.text)
    _printf_char_common                      0x080008eb   Thumb Code    32  _printf_char_common.o(.text)
    _sputc                                   0x08000911   Thumb Code    10  _sputc.o(.text)
    _printf_cs_common                        0x0800091b   Thumb Code    20  _printf_char.o(.text)
    _printf_char                             0x0800092f   Thumb Code    16  _printf_char.o(.text)
    _printf_string                           0x0800093f   Thumb Code     8  _printf_char.o(.text)
    _printf_char_file                        0x08000949   Thumb Code    32  _printf_char_file.o(.text)
    _printf_wctomb                           0x0800096d   Thumb Code   182  _printf_wctomb.o(.text)
    _printf_longlong_dec                     0x08000a29   Thumb Code   108  _printf_longlong_dec.o(.text)
    _printf_longlong_oct                     0x08000aa5   Thumb Code    66  _printf_oct_int_ll.o(.text)
    _printf_int_oct                          0x08000ae7   Thumb Code    24  _printf_oct_int_ll.o(.text)
    _printf_ll_oct                           0x08000aff   Thumb Code    12  _printf_oct_int_ll.o(.text)
    _printf_longlong_hex                     0x08000b15   Thumb Code    86  _printf_hex_int_ll_ptr.o(.text)
    _printf_int_hex                          0x08000b6b   Thumb Code    28  _printf_hex_int_ll_ptr.o(.text)
    _printf_ll_hex                           0x08000b87   Thumb Code    12  _printf_hex_int_ll_ptr.o(.text)
    _printf_hex_ptr                          0x08000b93   Thumb Code    18  _printf_hex_int_ll_ptr.o(.text)
    _chval                                   0x08000ba9   Thumb Code    28  _chval.o(.text)
    __vfscanf_char                           0x08000bd1   Thumb Code    24  scanf_char.o(.text)
    _sgetc                                   0x08000bf1   Thumb Code    30  _sgetc.o(.text)
    _sbackspace                              0x08000c0f   Thumb Code    34  _sgetc.o(.text)
    _ll_udiv10                               0x08000c31   Thumb Code   138  lludiv10.o(.text)
    isspace                                  0x08000cbb   Thumb Code    18  isspace.o(.text)
    __lib_sel_fp_printf                      0x08000ccd   Thumb Code     2  _printf_fp_dec.o(.text)
    _printf_fp_dec_real                      0x08000e7f   Thumb Code   620  _printf_fp_dec.o(.text)
    _printf_fp_hex_real                      0x080010ed   Thumb Code   756  _printf_fp_hex.o(.text)
    _printf_lcs_common                       0x080013e9   Thumb Code    20  _printf_wchar.o(.text)
    _printf_wchar                            0x080013fd   Thumb Code    16  _printf_wchar.o(.text)
    _printf_wstring                          0x0800140d   Thumb Code     8  _printf_wchar.o(.text)
    __vfscanf                                0x08001415   Thumb Code   880  _scanf.o(.text)
    ferror                                   0x08001789   Thumb Code     8  ferror.o(.text)
    _wcrtomb                                 0x08001791   Thumb Code    64  _wcrtomb.o(.text)
    __user_setup_stackheap                   0x080017d1   Thumb Code    74  sys_stackheap_outer.o(.text)
    __rt_ctype_table                         0x0800181d   Thumb Code    16  rt_ctype_table.o(.text)
    __rt_locale                              0x0800182d   Thumb Code     8  rt_locale_intlibspace.o(.text)
    _printf_fp_infnan                        0x08001835   Thumb Code   112  _printf_fp_infnan.o(.text)
    _btod_etento                             0x080018b5   Thumb Code   224  bigflt0.o(.text)
    exit                                     0x08001999   Thumb Code    18  exit.o(.text)
    __user_libspace                          0x080019ad   Thumb Code     8  libspace.o(.text)
    __user_perproc_libspace                  0x080019ad   Thumb Code     0  libspace.o(.text)
    __user_perthread_libspace                0x080019ad   Thumb Code     0  libspace.o(.text)
    strcmp                                   0x080019b5   Thumb Code   128  strcmpv7m.o(.text)
    _btod_d2e                                0x08001a35   Thumb Code    62  btod.o(CL$$btod_d2e)
    _d2e_denorm_low                          0x08001a73   Thumb Code    70  btod.o(CL$$btod_d2e_denorm_low)
    _d2e_norm_op1                            0x08001ab9   Thumb Code    96  btod.o(CL$$btod_d2e_norm_op1)
    __btod_div_common                        0x08001b19   Thumb Code   696  btod.o(CL$$btod_div_common)
    _e2e                                     0x08001e51   Thumb Code   220  btod.o(CL$$btod_e2e)
    _btod_ediv                               0x08001f2d   Thumb Code    42  btod.o(CL$$btod_ediv)
    _btod_emul                               0x08001f57   Thumb Code    42  btod.o(CL$$btod_emul)
    __btod_mult_common                       0x08001f81   Thumb Code   580  btod.o(CL$$btod_mult_common)
    ATI_check                                0x080021c5   Thumb Code    20  l610_init.o(i.ATI_check)
    AT_check                                 0x080021e1   Thumb Code    82  l610_init.o(i.AT_check)
    BusFault_Handler                         0x08002269   Thumb Code     2  stm32f1xx_it.o(i.BusFault_Handler)
    CPIN_check                               0x0800226d   Thumb Code    70  l610_init.o(i.CPIN_check)
    CSQ_check                                0x080022d9   Thumb Code    76  l610_init.o(i.CSQ_check)
    Check_socket                             0x08002385   Thumb Code    66  l610_tcp.o(i.Check_socket)
    Clear_Buffer                             0x080023ed   Thumb Code    28  l610_init.o(i.Clear_Buffer)
    Creat_TCP                                0x08002411   Thumb Code    66  l610_tcp.o(i.Creat_TCP)
    DebugMon_Handler                         0x08002495   Thumb Code     2  stm32f1xx_it.o(i.DebugMon_Handler)
    EPS_check                                0x08002499   Thumb Code    84  l610_init.o(i.EPS_check)
    Error_Handler                            0x08002525   Thumb Code     4  main.o(i.Error_Handler)
    Fibcom_L610_init                         0x08002529   Thumb Code   144  l610_init.o(i.Fibcom_L610_init)
    GPRS_check                               0x08002619   Thumb Code    84  l610_init.o(i.GPRS_check)
    HAL_DMA_Abort                            0x08002699   Thumb Code    70  stm32f1xx_hal_dma.o(i.HAL_DMA_Abort)
    HAL_DMA_Abort_IT                         0x080026e1   Thumb Code   296  stm32f1xx_hal_dma.o(i.HAL_DMA_Abort_IT)
    HAL_Delay                                0x08002811   Thumb Code    32  stm32f1xx_hal.o(i.HAL_Delay)
    HAL_GPIO_Init                            0x08002835   Thumb Code   462  stm32f1xx_hal_gpio.o(i.HAL_GPIO_Init)
    HAL_GPIO_WritePin                        0x08002a2d   Thumb Code    10  stm32f1xx_hal_gpio.o(i.HAL_GPIO_WritePin)
    HAL_GetTick                              0x08002a39   Thumb Code     6  stm32f1xx_hal.o(i.HAL_GetTick)
    HAL_IncTick                              0x08002a45   Thumb Code    12  stm32f1xx_hal.o(i.HAL_IncTick)
    HAL_Init                                 0x08002a55   Thumb Code    32  stm32f1xx_hal.o(i.HAL_Init)
    HAL_InitTick                             0x08002a79   Thumb Code    54  stm32f1xx_hal.o(i.HAL_InitTick)
    HAL_MspInit                              0x08002ab9   Thumb Code    58  stm32f1xx_hal_msp.o(i.HAL_MspInit)
    HAL_NVIC_EnableIRQ                       0x08002afd   Thumb Code    26  stm32f1xx_hal_cortex.o(i.HAL_NVIC_EnableIRQ)
    HAL_NVIC_SetPriority                     0x08002b19   Thumb Code    60  stm32f1xx_hal_cortex.o(i.HAL_NVIC_SetPriority)
    HAL_NVIC_SetPriorityGrouping             0x08002b59   Thumb Code    26  stm32f1xx_hal_cortex.o(i.HAL_NVIC_SetPriorityGrouping)
    HAL_RCC_ClockConfig                      0x08002b7d   Thumb Code   280  stm32f1xx_hal_rcc.o(i.HAL_RCC_ClockConfig)
    HAL_RCC_GetPCLK1Freq                     0x08002ca9   Thumb Code    20  stm32f1xx_hal_rcc.o(i.HAL_RCC_GetPCLK1Freq)
    HAL_RCC_GetPCLK2Freq                     0x08002cc9   Thumb Code    20  stm32f1xx_hal_rcc.o(i.HAL_RCC_GetPCLK2Freq)
    HAL_RCC_GetSysClockFreq                  0x08002ce9   Thumb Code    74  stm32f1xx_hal_rcc.o(i.HAL_RCC_GetSysClockFreq)
    HAL_RCC_OscConfig                        0x08002d55   Thumb Code   778  stm32f1xx_hal_rcc.o(i.HAL_RCC_OscConfig)
    HAL_SYSTICK_Config                       0x08003075   Thumb Code    40  stm32f1xx_hal_cortex.o(i.HAL_SYSTICK_Config)
    HAL_UARTEx_RxEventCallback               0x0800309d   Thumb Code     2  stm32f1xx_hal_uart.o(i.HAL_UARTEx_RxEventCallback)
    HAL_UART_ErrorCallback                   0x0800309f   Thumb Code     2  stm32f1xx_hal_uart.o(i.HAL_UART_ErrorCallback)
    HAL_UART_IRQHandler                      0x080030a1   Thumb Code   520  stm32f1xx_hal_uart.o(i.HAL_UART_IRQHandler)
    HAL_UART_Init                            0x080032ad   Thumb Code    98  stm32f1xx_hal_uart.o(i.HAL_UART_Init)
    HAL_UART_MspInit                         0x08003311   Thumb Code   198  usart.o(i.HAL_UART_MspInit)
    HAL_UART_Receive_IT                      0x080033e9   Thumb Code    42  stm32f1xx_hal_uart.o(i.HAL_UART_Receive_IT)
    HAL_UART_RxCpltCallback                  0x08003415   Thumb Code    36  usart.o(i.HAL_UART_RxCpltCallback)
    HAL_UART_Transmit                        0x0800344d   Thumb Code   178  stm32f1xx_hal_uart.o(i.HAL_UART_Transmit)
    HAL_UART_TxCpltCallback                  0x080034ff   Thumb Code     2  stm32f1xx_hal_uart.o(i.HAL_UART_TxCpltCallback)
    HardFault_Handler                        0x08003501   Thumb Code     2  stm32f1xx_it.o(i.HardFault_Handler)
    Hex_set                                  0x08003505   Thumb Code    70  l610_init.o(i.Hex_set)
    IP_allo                                  0x08003571   Thumb Code   118  l610_tcp.o(i.IP_allo)
    MX_GPIO_Init                             0x08003635   Thumb Code   102  gpio.o(i.MX_GPIO_Init)
    MX_USART1_UART_Init                      0x080036a5   Thumb Code    48  usart.o(i.MX_USART1_UART_Init)
    MX_USART2_UART_Init                      0x080036dd   Thumb Code    48  usart.o(i.MX_USART2_UART_Init)
    MemManage_Handler                        0x08003715   Thumb Code     2  stm32f1xx_it.o(i.MemManage_Handler)
    NMI_Handler                              0x08003717   Thumb Code     2  stm32f1xx_it.o(i.NMI_Handler)
    PendSV_Handler                           0x08003719   Thumb Code     2  stm32f1xx_it.o(i.PendSV_Handler)
    SVC_Handler                              0x0800371b   Thumb Code     2  stm32f1xx_it.o(i.SVC_Handler)
    SysTick_Handler                          0x0800371d   Thumb Code     4  stm32f1xx_it.o(i.SysTick_Handler)
    SystemClock_Config                       0x08003721   Thumb Code    92  main.o(i.SystemClock_Config)
    SystemInit                               0x0800377d   Thumb Code     2  system_stm32f1xx.o(i.SystemInit)
    UART2_Printf                             0x08003781   Thumb Code    40  usart.o(i.UART2_Printf)
    UART_Start_Receive_IT                    0x0800395d   Thumb Code    54  stm32f1xx_hal_uart.o(i.UART_Start_Receive_IT)
    USART1_IRQHandler                        0x080039f9   Thumb Code     6  stm32f1xx_it.o(i.USART1_IRQHandler)
    USART2_IRQHandler                        0x08003a05   Thumb Code     6  stm32f1xx_it.o(i.USART2_IRQHandler)
    UsageFault_Handler                       0x08003a11   Thumb Code     2  stm32f1xx_it.o(i.UsageFault_Handler)
    __ARM_fpclassify                         0x08003a13   Thumb Code    40  fpclassify.o(i.__ARM_fpclassify)
    _is_digit                                0x08003a5b   Thumb Code    14  __printf_wp.o(i._is_digit)
    _sys_exit                                0x08003a69   Thumb Code     2  usart.o(i._sys_exit)
    fputc                                    0x08003a6d   Thumb Code    18  usart.o(i.fputc)
    main                                     0x08003a85   Thumb Code   204  main.o(i.main)
    _get_lc_numeric                          0x08003cbd   Thumb Code    44  lc_numeric_c.o(locale$$code)
    _get_lc_ctype                            0x08003ce9   Thumb Code    44  lc_ctype_c.o(locale$$code)
    _printf_fp_dec                           0x08003d15   Thumb Code     4  printf1.o(x$fpl$printf1)
    _printf_fp_hex                           0x08003d19   Thumb Code     4  printf2.o(x$fpl$printf2)
    AHBPrescTable                            0x08003d1c   Data          16  system_stm32f1xx.o(.constdata)
    __I$use$fp                               0x08003d1c   Number         0  usenofp.o(x$fpl$usenofp)
    APBPrescTable                            0x08003d2c   Data           8  system_stm32f1xx.o(.constdata)
    Region$$Table$$Base                      0x08003e34   Number         0  anon$$obj.o(Region$$Table)
    Region$$Table$$Limit                     0x08003e54   Number         0  anon$$obj.o(Region$$Table)
    __ctype                                  0x08003e7d   Data           0  lc_ctype_c.o(locale$$data)
    Rxcouter                                 0x20000000   Data           1  main.o(.data)
    cereg_n                                  0x20000004   Data           4  main.o(.data)
    cereg_stat                               0x20000008   Data           4  main.o(.data)
    uart_rx_flag                             0x2000000c   Data           4  usart.o(.data)
    usart1RxBuffer                           0x20000010   Data           1  usart.o(.data)
    rx_cnt                                   0x20000014   Data           4  usart.o(.data)
    __stdout                                 0x20000018   Data           4  usart.o(.data)
    uwTickFreq                               0x2000001c   Data           1  stm32f1xx_hal.o(.data)
    uwTickPrio                               0x20000020   Data           4  stm32f1xx_hal.o(.data)
    uwTick                                   0x20000024   Data           4  stm32f1xx_hal.o(.data)
    SystemCoreClock                          0x20000028   Data           4  system_stm32f1xx.o(.data)
    strx                                     0x2000002c   Data           4  l610_init.o(.data)
    extstrx                                  0x20000030   Data           4  l610_init.o(.data)
    RxBuffer                                 0x20000034   Data         200  main.o(.bss)
    data_buff                                0x200000fc   Data         255  usart.o(.bss)
    huart1                                   0x200001fc   Data          68  usart.o(.bss)
    huart2                                   0x20000240   Data          68  usart.o(.bss)
    __libspace_start                         0x20000284   Data          96  libspace.o(.bss)
    __temporary_stack_top$libspace           0x200002e4   Data           0  libspace.o(.bss)



==============================================================================

Memory Map of the image

  Image Entry point : 0x08000131

  Load Region LR_IROM1 (Base: 0x08000000, Size: 0x00003fb4, Max: 0x00080000, ABSOLUTE)

    Execution Region ER_IROM1 (Exec base: 0x08000000, Load base: 0x08000000, Size: 0x00003f80, Max: 0x00080000, ABSOLUTE)

    Exec Addr    Load Addr    Size         Type   Attr      Idx    E Section Name        Object

    0x08000000   0x08000000   0x00000130   Data   RO            3    RESET               startup_stm32f103xe.o
    0x08000130   0x08000130   0x00000008   Code   RO         2018  * !!!main             c_w.l(__main.o)
    0x08000138   0x08000138   0x00000034   Code   RO         2326    !!!scatter          c_w.l(__scatter.o)
    0x0800016c   0x0800016c   0x0000001a   Code   RO         2328    !!handler_copy      c_w.l(__scatter_copy.o)
    0x08000186   0x08000186   0x00000002   PAD
    0x08000188   0x08000188   0x0000001c   Code   RO         2330    !!handler_zi        c_w.l(__scatter_zi.o)
    0x080001a4   0x080001a4   0x00000000   Code   RO         2005    .ARM.Collect$$_printf_percent$$00000000  c_w.l(_printf_percent.o)
    0x080001a4   0x080001a4   0x00000006   Code   RO         2072    .ARM.Collect$$_printf_percent$$00000001  c_w.l(_printf_n.o)
    0x080001aa   0x080001aa   0x00000006   Code   RO         2074    .ARM.Collect$$_printf_percent$$00000002  c_w.l(_printf_p.o)
    0x080001b0   0x080001b0   0x00000006   Code   RO         2078    .ARM.Collect$$_printf_percent$$00000003  c_w.l(_printf_f.o)
    0x080001b6   0x080001b6   0x00000006   Code   RO         2079    .ARM.Collect$$_printf_percent$$00000004  c_w.l(_printf_e.o)
    0x080001bc   0x080001bc   0x00000006   Code   RO         2080    .ARM.Collect$$_printf_percent$$00000005  c_w.l(_printf_g.o)
    0x080001c2   0x080001c2   0x00000006   Code   RO         2081    .ARM.Collect$$_printf_percent$$00000006  c_w.l(_printf_a.o)
    0x080001c8   0x080001c8   0x0000000a   Code   RO         2086    .ARM.Collect$$_printf_percent$$00000007  c_w.l(_printf_ll.o)
    0x080001d2   0x080001d2   0x00000006   Code   RO         2076    .ARM.Collect$$_printf_percent$$00000008  c_w.l(_printf_i.o)
    0x080001d8   0x080001d8   0x00000006   Code   RO         2004    .ARM.Collect$$_printf_percent$$00000009  c_w.l(_printf_d.o)
    0x080001de   0x080001de   0x00000006   Code   RO         2077    .ARM.Collect$$_printf_percent$$0000000A  c_w.l(_printf_u.o)
    0x080001e4   0x080001e4   0x00000006   Code   RO         2075    .ARM.Collect$$_printf_percent$$0000000B  c_w.l(_printf_o.o)
    0x080001ea   0x080001ea   0x00000006   Code   RO         2073    .ARM.Collect$$_printf_percent$$0000000C  c_w.l(_printf_x.o)
    0x080001f0   0x080001f0   0x00000006   Code   RO         2083    .ARM.Collect$$_printf_percent$$0000000D  c_w.l(_printf_lli.o)
    0x080001f6   0x080001f6   0x00000006   Code   RO         2084    .ARM.Collect$$_printf_percent$$0000000E  c_w.l(_printf_lld.o)
    0x080001fc   0x080001fc   0x00000006   Code   RO         2085    .ARM.Collect$$_printf_percent$$0000000F  c_w.l(_printf_llu.o)
    0x08000202   0x08000202   0x00000006   Code   RO         2090    .ARM.Collect$$_printf_percent$$00000010  c_w.l(_printf_llo.o)
    0x08000208   0x08000208   0x00000006   Code   RO         2091    .ARM.Collect$$_printf_percent$$00000011  c_w.l(_printf_llx.o)
    0x0800020e   0x0800020e   0x0000000a   Code   RO         2087    .ARM.Collect$$_printf_percent$$00000012  c_w.l(_printf_l.o)
    0x08000218   0x08000218   0x00000006   Code   RO         2071    .ARM.Collect$$_printf_percent$$00000013  c_w.l(_printf_c.o)
    0x0800021e   0x0800021e   0x00000006   Code   RO         2003    .ARM.Collect$$_printf_percent$$00000014  c_w.l(_printf_s.o)
    0x08000224   0x08000224   0x00000006   Code   RO         2088    .ARM.Collect$$_printf_percent$$00000015  c_w.l(_printf_lc.o)
    0x0800022a   0x0800022a   0x00000006   Code   RO         2089    .ARM.Collect$$_printf_percent$$00000016  c_w.l(_printf_ls.o)
    0x08000230   0x08000230   0x00000004   Code   RO         2082    .ARM.Collect$$_printf_percent$$00000017  c_w.l(_printf_percent_end.o)
    0x08000234   0x08000234   0x00000002   Code   RO         2188    .ARM.Collect$$libinit$$00000000  c_w.l(libinit.o)
    0x08000236   0x08000236   0x00000000   Code   RO         2205    .ARM.Collect$$libinit$$00000002  c_w.l(libinit2.o)
    0x08000236   0x08000236   0x00000000   Code   RO         2207    .ARM.Collect$$libinit$$00000004  c_w.l(libinit2.o)
    0x08000236   0x08000236   0x00000000   Code   RO         2210    .ARM.Collect$$libinit$$0000000A  c_w.l(libinit2.o)
    0x08000236   0x08000236   0x00000000   Code   RO         2212    .ARM.Collect$$libinit$$0000000C  c_w.l(libinit2.o)
    0x08000236   0x08000236   0x00000000   Code   RO         2214    .ARM.Collect$$libinit$$0000000E  c_w.l(libinit2.o)
    0x08000236   0x08000236   0x00000006   Code   RO         2215    .ARM.Collect$$libinit$$0000000F  c_w.l(libinit2.o)
    0x0800023c   0x0800023c   0x00000000   Code   RO         2217    .ARM.Collect$$libinit$$00000011  c_w.l(libinit2.o)
    0x0800023c   0x0800023c   0x0000000c   Code   RO         2218    .ARM.Collect$$libinit$$00000012  c_w.l(libinit2.o)
    0x08000248   0x08000248   0x00000000   Code   RO         2219    .ARM.Collect$$libinit$$00000013  c_w.l(libinit2.o)
    0x08000248   0x08000248   0x00000000   Code   RO         2221    .ARM.Collect$$libinit$$00000015  c_w.l(libinit2.o)
    0x08000248   0x08000248   0x0000000a   Code   RO         2222    .ARM.Collect$$libinit$$00000016  c_w.l(libinit2.o)
    0x08000252   0x08000252   0x00000000   Code   RO         2223    .ARM.Collect$$libinit$$00000017  c_w.l(libinit2.o)
    0x08000252   0x08000252   0x00000000   Code   RO         2225    .ARM.Collect$$libinit$$00000019  c_w.l(libinit2.o)
    0x08000252   0x08000252   0x00000000   Code   RO         2227    .ARM.Collect$$libinit$$0000001B  c_w.l(libinit2.o)
    0x08000252   0x08000252   0x00000000   Code   RO         2229    .ARM.Collect$$libinit$$0000001D  c_w.l(libinit2.o)
    0x08000252   0x08000252   0x00000000   Code   RO         2231    .ARM.Collect$$libinit$$0000001F  c_w.l(libinit2.o)
    0x08000252   0x08000252   0x00000000   Code   RO         2233    .ARM.Collect$$libinit$$00000021  c_w.l(libinit2.o)
    0x08000252   0x08000252   0x00000000   Code   RO         2235    .ARM.Collect$$libinit$$00000023  c_w.l(libinit2.o)
    0x08000252   0x08000252   0x00000000   Code   RO         2237    .ARM.Collect$$libinit$$00000025  c_w.l(libinit2.o)
    0x08000252   0x08000252   0x00000000   Code   RO         2241    .ARM.Collect$$libinit$$0000002C  c_w.l(libinit2.o)
    0x08000252   0x08000252   0x00000000   Code   RO         2243    .ARM.Collect$$libinit$$0000002E  c_w.l(libinit2.o)
    0x08000252   0x08000252   0x00000000   Code   RO         2245    .ARM.Collect$$libinit$$00000030  c_w.l(libinit2.o)
    0x08000252   0x08000252   0x00000000   Code   RO         2247    .ARM.Collect$$libinit$$00000032  c_w.l(libinit2.o)
    0x08000252   0x08000252   0x00000002   Code   RO         2248    .ARM.Collect$$libinit$$00000033  c_w.l(libinit2.o)
    0x08000254   0x08000254   0x00000002   Code   RO         2266    .ARM.Collect$$libshutdown$$00000000  c_w.l(libshutdown.o)
    0x08000256   0x08000256   0x00000000   Code   RO         2276    .ARM.Collect$$libshutdown$$00000002  c_w.l(libshutdown2.o)
    0x08000256   0x08000256   0x00000000   Code   RO         2278    .ARM.Collect$$libshutdown$$00000004  c_w.l(libshutdown2.o)
    0x08000256   0x08000256   0x00000000   Code   RO         2280    .ARM.Collect$$libshutdown$$00000006  c_w.l(libshutdown2.o)
    0x08000256   0x08000256   0x00000000   Code   RO         2283    .ARM.Collect$$libshutdown$$00000009  c_w.l(libshutdown2.o)
    0x08000256   0x08000256   0x00000000   Code   RO         2286    .ARM.Collect$$libshutdown$$0000000C  c_w.l(libshutdown2.o)
    0x08000256   0x08000256   0x00000000   Code   RO         2288    .ARM.Collect$$libshutdown$$0000000E  c_w.l(libshutdown2.o)
    0x08000256   0x08000256   0x00000000   Code   RO         2291    .ARM.Collect$$libshutdown$$00000011  c_w.l(libshutdown2.o)
    0x08000256   0x08000256   0x00000002   Code   RO         2292    .ARM.Collect$$libshutdown$$00000012  c_w.l(libshutdown2.o)
    0x08000258   0x08000258   0x00000000   Code   RO         2022    .ARM.Collect$$rtentry$$00000000  c_w.l(__rtentry.o)
    0x08000258   0x08000258   0x00000000   Code   RO         2107    .ARM.Collect$$rtentry$$00000002  c_w.l(__rtentry2.o)
    0x08000258   0x08000258   0x00000006   Code   RO         2119    .ARM.Collect$$rtentry$$00000004  c_w.l(__rtentry4.o)
    0x0800025e   0x0800025e   0x00000000   Code   RO         2109    .ARM.Collect$$rtentry$$00000009  c_w.l(__rtentry2.o)
    0x0800025e   0x0800025e   0x00000004   Code   RO         2110    .ARM.Collect$$rtentry$$0000000A  c_w.l(__rtentry2.o)
    0x08000262   0x08000262   0x00000000   Code   RO         2112    .ARM.Collect$$rtentry$$0000000C  c_w.l(__rtentry2.o)
    0x08000262   0x08000262   0x00000008   Code   RO         2113    .ARM.Collect$$rtentry$$0000000D  c_w.l(__rtentry2.o)
    0x0800026a   0x0800026a   0x00000002   Code   RO         2197    .ARM.Collect$$rtexit$$00000000  c_w.l(rtexit.o)
    0x0800026c   0x0800026c   0x00000000   Code   RO         2250    .ARM.Collect$$rtexit$$00000002  c_w.l(rtexit2.o)
    0x0800026c   0x0800026c   0x00000004   Code   RO         2251    .ARM.Collect$$rtexit$$00000003  c_w.l(rtexit2.o)
    0x08000270   0x08000270   0x00000006   Code   RO         2252    .ARM.Collect$$rtexit$$00000004  c_w.l(rtexit2.o)
    0x08000276   0x08000276   0x00000002   PAD
    0x08000278   0x08000278   0x00000040   Code   RO            4    .text               startup_stm32f103xe.o
    0x080002b8   0x080002b8   0x00000002   Code   RO         1967    .text               c_w.l(use_no_semi_2.o)
    0x080002ba   0x080002ba   0x00000002   PAD
    0x080002bc   0x080002bc   0x00000024   Code   RO         1971    .text               c_w.l(vsprintf.o)
    0x080002e0   0x080002e0   0x00000018   Code   RO         1973    .text               c_w.l(__2printf.o)
    0x080002f8   0x080002f8   0x00000052   Code   RO         1979    .text               c_w.l(_printf_str.o)
    0x0800034a   0x0800034a   0x00000002   PAD
    0x0800034c   0x0800034c   0x00000078   Code   RO         1981    .text               c_w.l(_printf_dec.o)
    0x080003c4   0x080003c4   0x00000188   Code   RO         2000    .text               c_w.l(__printf_flags_ss_wp.o)
    0x0800054c   0x0800054c   0x0000003c   Code   RO         2006    .text               c_w.l(__0sscanf.o)
    0x08000588   0x08000588   0x0000014c   Code   RO         2008    .text               c_w.l(_scanf_int.o)
    0x080006d4   0x080006d4   0x00000024   Code   RO         2010    .text               c_w.l(strstr.o)
    0x080006f8   0x080006f8   0x00000044   Code   RO         2012    .text               c_w.l(rt_memclr.o)
    0x0800073c   0x0800073c   0x0000004e   Code   RO         2014    .text               c_w.l(rt_memclr_w.o)
    0x0800078a   0x0800078a   0x00000006   Code   RO         2016    .text               c_w.l(heapauxi.o)
    0x08000790   0x08000790   0x00000002   Code   RO         2020    .text               c_w.l(use_no_semi.o)
    0x08000792   0x08000792   0x0000004e   Code   RO         2023    .text               c_w.l(_printf_pad.o)
    0x080007e0   0x080007e0   0x00000024   Code   RO         2025    .text               c_w.l(_printf_truncate.o)
    0x08000804   0x08000804   0x000000b2   Code   RO         2027    .text               c_w.l(_printf_intcommon.o)
    0x080008b6   0x080008b6   0x00000028   Code   RO         2029    .text               c_w.l(_printf_charcount.o)
    0x080008de   0x080008de   0x00000002   PAD
    0x080008e0   0x080008e0   0x00000030   Code   RO         2031    .text               c_w.l(_printf_char_common.o)
    0x08000910   0x08000910   0x0000000a   Code   RO         2033    .text               c_w.l(_sputc.o)
    0x0800091a   0x0800091a   0x0000002c   Code   RO         2035    .text               c_w.l(_printf_char.o)
    0x08000946   0x08000946   0x00000002   PAD
    0x08000948   0x08000948   0x00000024   Code   RO         2037    .text               c_w.l(_printf_char_file.o)
    0x0800096c   0x0800096c   0x000000bc   Code   RO         2039    .text               c_w.l(_printf_wctomb.o)
    0x08000a28   0x08000a28   0x0000007c   Code   RO         2042    .text               c_w.l(_printf_longlong_dec.o)
    0x08000aa4   0x08000aa4   0x00000070   Code   RO         2048    .text               c_w.l(_printf_oct_int_ll.o)
    0x08000b14   0x08000b14   0x00000094   Code   RO         2068    .text               c_w.l(_printf_hex_int_ll_ptr.o)
    0x08000ba8   0x08000ba8   0x0000001c   Code   RO         2092    .text               c_w.l(_chval.o)
    0x08000bc4   0x08000bc4   0x0000002c   Code   RO         2094    .text               c_w.l(scanf_char.o)
    0x08000bf0   0x08000bf0   0x00000040   Code   RO         2096    .text               c_w.l(_sgetc.o)
    0x08000c30   0x08000c30   0x0000008a   Code   RO         2121    .text               c_w.l(lludiv10.o)
    0x08000cba   0x08000cba   0x00000012   Code   RO         2123    .text               c_w.l(isspace.o)
    0x08000ccc   0x08000ccc   0x0000041e   Code   RO         2125    .text               c_w.l(_printf_fp_dec.o)
    0x080010ea   0x080010ea   0x00000002   PAD
    0x080010ec   0x080010ec   0x000002fc   Code   RO         2127    .text               c_w.l(_printf_fp_hex.o)
    0x080013e8   0x080013e8   0x0000002c   Code   RO         2132    .text               c_w.l(_printf_wchar.o)
    0x08001414   0x08001414   0x00000374   Code   RO         2134    .text               c_w.l(_scanf.o)
    0x08001788   0x08001788   0x00000008   Code   RO         2136    .text               c_w.l(ferror.o)
    0x08001790   0x08001790   0x00000040   Code   RO         2140    .text               c_w.l(_wcrtomb.o)
    0x080017d0   0x080017d0   0x0000004a   Code   RO         2142    .text               c_w.l(sys_stackheap_outer.o)
    0x0800181a   0x0800181a   0x00000002   PAD
    0x0800181c   0x0800181c   0x00000010   Code   RO         2144    .text               c_w.l(rt_ctype_table.o)
    0x0800182c   0x0800182c   0x00000008   Code   RO         2149    .text               c_w.l(rt_locale_intlibspace.o)
    0x08001834   0x08001834   0x00000080   Code   RO         2151    .text               c_w.l(_printf_fp_infnan.o)
    0x080018b4   0x080018b4   0x000000e4   Code   RO         2153    .text               c_w.l(bigflt0.o)
    0x08001998   0x08001998   0x00000012   Code   RO         2181    .text               c_w.l(exit.o)
    0x080019aa   0x080019aa   0x00000002   PAD
    0x080019ac   0x080019ac   0x00000008   Code   RO         2194    .text               c_w.l(libspace.o)
    0x080019b4   0x080019b4   0x00000080   Code   RO         2202    .text               c_w.l(strcmpv7m.o)
    0x08001a34   0x08001a34   0x0000003e   Code   RO         2156    CL$$btod_d2e        c_w.l(btod.o)
    0x08001a72   0x08001a72   0x00000046   Code   RO         2158    CL$$btod_d2e_denorm_low  c_w.l(btod.o)
    0x08001ab8   0x08001ab8   0x00000060   Code   RO         2157    CL$$btod_d2e_norm_op1  c_w.l(btod.o)
    0x08001b18   0x08001b18   0x00000338   Code   RO         2166    CL$$btod_div_common  c_w.l(btod.o)
    0x08001e50   0x08001e50   0x000000dc   Code   RO         2163    CL$$btod_e2e        c_w.l(btod.o)
    0x08001f2c   0x08001f2c   0x0000002a   Code   RO         2160    CL$$btod_ediv       c_w.l(btod.o)
    0x08001f56   0x08001f56   0x0000002a   Code   RO         2159    CL$$btod_emul       c_w.l(btod.o)
    0x08001f80   0x08001f80   0x00000244   Code   RO         2165    CL$$btod_mult_common  c_w.l(btod.o)
    0x080021c4   0x080021c4   0x0000001c   Code   RO         1826    i.ATI_check         l610_init.o
    0x080021e0   0x080021e0   0x00000088   Code   RO         1827    i.AT_check          l610_init.o
    0x08002268   0x08002268   0x00000002   Code   RO          272    i.BusFault_Handler  stm32f1xx_it.o
    0x0800226a   0x0800226a   0x00000002   PAD
    0x0800226c   0x0800226c   0x0000006c   Code   RO         1828    i.CPIN_check        l610_init.o
    0x080022d8   0x080022d8   0x000000ac   Code   RO         1829    i.CSQ_check         l610_init.o
    0x08002384   0x08002384   0x00000068   Code   RO         1913    i.Check_socket      l610_tcp.o
    0x080023ec   0x080023ec   0x00000024   Code   RO         1830    i.Clear_Buffer      l610_init.o
    0x08002410   0x08002410   0x00000084   Code   RO         1914    i.Creat_TCP         l610_tcp.o
    0x08002494   0x08002494   0x00000002   Code   RO          273    i.DebugMon_Handler  stm32f1xx_it.o
    0x08002496   0x08002496   0x00000002   PAD
    0x08002498   0x08002498   0x0000008c   Code   RO         1831    i.EPS_check         l610_init.o
    0x08002524   0x08002524   0x00000004   Code   RO           13    i.Error_Handler     main.o
    0x08002528   0x08002528   0x000000f0   Code   RO         1832    i.Fibcom_L610_init  l610_init.o
    0x08002618   0x08002618   0x00000080   Code   RO         1833    i.GPRS_check        l610_init.o
    0x08002698   0x08002698   0x00000046   Code   RO         1192    i.HAL_DMA_Abort     stm32f1xx_hal_dma.o
    0x080026de   0x080026de   0x00000002   PAD
    0x080026e0   0x080026e0   0x00000130   Code   RO         1193    i.HAL_DMA_Abort_IT  stm32f1xx_hal_dma.o
    0x08002810   0x08002810   0x00000024   Code   RO          820    i.HAL_Delay         stm32f1xx_hal.o
    0x08002834   0x08002834   0x000001f8   Code   RO         1128    i.HAL_GPIO_Init     stm32f1xx_hal_gpio.o
    0x08002a2c   0x08002a2c   0x0000000a   Code   RO         1132    i.HAL_GPIO_WritePin  stm32f1xx_hal_gpio.o
    0x08002a36   0x08002a36   0x00000002   PAD
    0x08002a38   0x08002a38   0x0000000c   Code   RO          824    i.HAL_GetTick       stm32f1xx_hal.o
    0x08002a44   0x08002a44   0x00000010   Code   RO          830    i.HAL_IncTick       stm32f1xx_hal.o
    0x08002a54   0x08002a54   0x00000024   Code   RO          831    i.HAL_Init          stm32f1xx_hal.o
    0x08002a78   0x08002a78   0x00000040   Code   RO          832    i.HAL_InitTick      stm32f1xx_hal.o
    0x08002ab8   0x08002ab8   0x00000044   Code   RO          360    i.HAL_MspInit       stm32f1xx_hal_msp.o
    0x08002afc   0x08002afc   0x0000001a   Code   RO         1288    i.HAL_NVIC_EnableIRQ  stm32f1xx_hal_cortex.o
    0x08002b16   0x08002b16   0x00000002   PAD
    0x08002b18   0x08002b18   0x00000040   Code   RO         1294    i.HAL_NVIC_SetPriority  stm32f1xx_hal_cortex.o
    0x08002b58   0x08002b58   0x00000024   Code   RO         1295    i.HAL_NVIC_SetPriorityGrouping  stm32f1xx_hal_cortex.o
    0x08002b7c   0x08002b7c   0x0000012c   Code   RO          988    i.HAL_RCC_ClockConfig  stm32f1xx_hal_rcc.o
    0x08002ca8   0x08002ca8   0x00000020   Code   RO          995    i.HAL_RCC_GetPCLK1Freq  stm32f1xx_hal_rcc.o
    0x08002cc8   0x08002cc8   0x00000020   Code   RO          996    i.HAL_RCC_GetPCLK2Freq  stm32f1xx_hal_rcc.o
    0x08002ce8   0x08002ce8   0x0000006c   Code   RO          997    i.HAL_RCC_GetSysClockFreq  stm32f1xx_hal_rcc.o
    0x08002d54   0x08002d54   0x00000320   Code   RO         1000    i.HAL_RCC_OscConfig  stm32f1xx_hal_rcc.o
    0x08003074   0x08003074   0x00000028   Code   RO         1299    i.HAL_SYSTICK_Config  stm32f1xx_hal_cortex.o
    0x0800309c   0x0800309c   0x00000002   Code   RO          467    i.HAL_UARTEx_RxEventCallback  stm32f1xx_hal_uart.o
    0x0800309e   0x0800309e   0x00000002   Code   RO          481    i.HAL_UART_ErrorCallback  stm32f1xx_hal_uart.o
    0x080030a0   0x080030a0   0x0000020c   Code   RO          484    i.HAL_UART_IRQHandler  stm32f1xx_hal_uart.o
    0x080032ac   0x080032ac   0x00000062   Code   RO          485    i.HAL_UART_Init     stm32f1xx_hal_uart.o
    0x0800330e   0x0800330e   0x00000002   PAD
    0x08003310   0x08003310   0x000000d8   Code   RO          189    i.HAL_UART_MspInit  usart.o
    0x080033e8   0x080033e8   0x0000002a   Code   RO          490    i.HAL_UART_Receive_IT  stm32f1xx_hal_uart.o
    0x08003412   0x08003412   0x00000002   PAD
    0x08003414   0x08003414   0x00000038   Code   RO          190    i.HAL_UART_RxCpltCallback  usart.o
    0x0800344c   0x0800344c   0x000000b2   Code   RO          493    i.HAL_UART_Transmit  stm32f1xx_hal_uart.o
    0x080034fe   0x080034fe   0x00000002   Code   RO          496    i.HAL_UART_TxCpltCallback  stm32f1xx_hal_uart.o
    0x08003500   0x08003500   0x00000002   Code   RO          274    i.HardFault_Handler  stm32f1xx_it.o
    0x08003502   0x08003502   0x00000002   PAD
    0x08003504   0x08003504   0x0000006c   Code   RO         1834    i.Hex_set           l610_init.o
    0x08003570   0x08003570   0x000000c4   Code   RO         1916    i.IP_allo           l610_tcp.o
    0x08003634   0x08003634   0x00000070   Code   RO          160    i.MX_GPIO_Init      gpio.o
    0x080036a4   0x080036a4   0x00000038   Code   RO          191    i.MX_USART1_UART_Init  usart.o
    0x080036dc   0x080036dc   0x00000038   Code   RO          192    i.MX_USART2_UART_Init  usart.o
    0x08003714   0x08003714   0x00000002   Code   RO          275    i.MemManage_Handler  stm32f1xx_it.o
    0x08003716   0x08003716   0x00000002   Code   RO          276    i.NMI_Handler       stm32f1xx_it.o
    0x08003718   0x08003718   0x00000002   Code   RO          277    i.PendSV_Handler    stm32f1xx_it.o
    0x0800371a   0x0800371a   0x00000002   Code   RO          278    i.SVC_Handler       stm32f1xx_it.o
    0x0800371c   0x0800371c   0x00000004   Code   RO          279    i.SysTick_Handler   stm32f1xx_it.o
    0x08003720   0x08003720   0x0000005c   Code   RO           14    i.SystemClock_Config  main.o
    0x0800377c   0x0800377c   0x00000002   Code   RO         1789    i.SystemInit        system_stm32f1xx.o
    0x0800377e   0x0800377e   0x00000002   PAD
    0x08003780   0x08003780   0x0000002c   Code   RO          193    i.UART2_Printf      usart.o
    0x080037ac   0x080037ac   0x00000010   Code   RO          498    i.UART_DMAAbortOnError  stm32f1xx_hal_uart.o
    0x080037bc   0x080037bc   0x00000030   Code   RO          508    i.UART_EndRxTransfer  stm32f1xx_hal_uart.o
    0x080037ec   0x080037ec   0x000000b6   Code   RO          510    i.UART_Receive_IT   stm32f1xx_hal_uart.o
    0x080038a2   0x080038a2   0x00000002   PAD
    0x080038a4   0x080038a4   0x000000b8   Code   RO          511    i.UART_SetConfig    stm32f1xx_hal_uart.o
    0x0800395c   0x0800395c   0x00000036   Code   RO          513    i.UART_Start_Receive_IT  stm32f1xx_hal_uart.o
    0x08003992   0x08003992   0x00000064   Code   RO          514    i.UART_WaitOnFlagUntilTimeout  stm32f1xx_hal_uart.o
    0x080039f6   0x080039f6   0x00000002   PAD
    0x080039f8   0x080039f8   0x0000000c   Code   RO          280    i.USART1_IRQHandler  stm32f1xx_it.o
    0x08003a04   0x08003a04   0x0000000c   Code   RO          281    i.USART2_IRQHandler  stm32f1xx_it.o
    0x08003a10   0x08003a10   0x00000002   Code   RO          282    i.UsageFault_Handler  stm32f1xx_it.o
    0x08003a12   0x08003a12   0x00000028   Code   RO         2192    i.__ARM_fpclassify  m_ws.l(fpclassify.o)
    0x08003a3a   0x08003a3a   0x00000020   Code   RO         1301    i.__NVIC_SetPriority  stm32f1xx_hal_cortex.o
    0x08003a5a   0x08003a5a   0x0000000e   Code   RO         1993    i._is_digit         c_w.l(__printf_wp.o)
    0x08003a68   0x08003a68   0x00000002   Code   RO          194    i._sys_exit         usart.o
    0x08003a6a   0x08003a6a   0x00000002   PAD
    0x08003a6c   0x08003a6c   0x00000018   Code   RO          195    i.fputc             usart.o
    0x08003a84   0x08003a84   0x00000238   Code   RO           15    i.main              main.o
    0x08003cbc   0x08003cbc   0x0000002c   Code   RO         2179    locale$$code        c_w.l(lc_numeric_c.o)
    0x08003ce8   0x08003ce8   0x0000002c   Code   RO         2200    locale$$code        c_w.l(lc_ctype_c.o)
    0x08003d14   0x08003d14   0x00000004   Code   RO         2098    x$fpl$printf1       fz_ws.l(printf1.o)
    0x08003d18   0x08003d18   0x00000004   Code   RO         2100    x$fpl$printf2       fz_ws.l(printf2.o)
    0x08003d1c   0x08003d1c   0x00000000   Code   RO         2191    x$fpl$usenofp       fz_ws.l(usenofp.o)
    0x08003d1c   0x08003d1c   0x00000010   Data   RO         1790    .constdata          system_stm32f1xx.o
    0x08003d2c   0x08003d2c   0x00000008   Data   RO         1791    .constdata          system_stm32f1xx.o
    0x08003d34   0x08003d34   0x00000011   Data   RO         2001    .constdata          c_w.l(__printf_flags_ss_wp.o)
    0x08003d45   0x08003d45   0x00000003   PAD
    0x08003d48   0x08003d48   0x00000008   Data   RO         2040    .constdata          c_w.l(_printf_wctomb.o)
    0x08003d50   0x08003d50   0x00000028   Data   RO         2069    .constdata          c_w.l(_printf_hex_int_ll_ptr.o)
    0x08003d78   0x08003d78   0x00000026   Data   RO         2128    .constdata          c_w.l(_printf_fp_hex.o)
    0x08003d9e   0x08003d9e   0x00000002   PAD
    0x08003da0   0x08003da0   0x00000094   Data   RO         2154    .constdata          c_w.l(bigflt0.o)
    0x08003e34   0x08003e34   0x00000020   Data   RO         2324    Region$$Table       anon$$obj.o
    0x08003e54   0x08003e54   0x0000001c   Data   RO         2178    locale$$data        c_w.l(lc_numeric_c.o)
    0x08003e70   0x08003e70   0x00000110   Data   RO         2199    locale$$data        c_w.l(lc_ctype_c.o)


    Execution Region RW_IRAM1 (Exec base: 0x20000000, Load base: 0x08003f80, Size: 0x000008e8, Max: 0x00010000, ABSOLUTE)

    Exec Addr    Load Addr    Size         Type   Attr      Idx    E Section Name        Object

    0x20000000   0x08003f80   0x00000001   Data   RW           19    .data               main.o
    0x20000001   0x08003f81   0x00000003   PAD
    0x20000004   0x08003f84   0x00000008   Data   RW           20    .data               main.o
    0x2000000c   0x08003f8c   0x00000004   Data   RW          198    .data               usart.o
    0x20000010   0x08003f90   0x00000001   Data   RW          199    .data               usart.o
    0x20000011   0x08003f91   0x00000003   PAD
    0x20000014   0x08003f94   0x00000004   Data   RW          200    .data               usart.o
    0x20000018   0x08003f98   0x00000004   Data   RW          201    .data               usart.o
    0x2000001c   0x08003f9c   0x0000000c   Data   RW          838    .data               stm32f1xx_hal.o
    0x20000028   0x08003fa8   0x00000004   Data   RW         1792    .data               system_stm32f1xx.o
    0x2000002c   0x08003fac   0x00000008   Data   RW         1837    .data               l610_init.o
    0x20000034        -       0x000000c8   Zero   RW           16    .bss                main.o
    0x200000fc        -       0x000000ff   Zero   RW          196    .bss                usart.o
    0x200001fb   0x08003fb4   0x00000001   PAD
    0x200001fc        -       0x00000088   Zero   RW          197    .bss                usart.o
    0x20000284        -       0x00000060   Zero   RW         2195    .bss                c_w.l(libspace.o)
    0x200002e4   0x08003fb4   0x00000004   PAD
    0x200002e8        -       0x00000200   Zero   RW            2    HEAP                startup_stm32f103xe.o
    0x200004e8        -       0x00000400   Zero   RW            1    STACK               startup_stm32f103xe.o


==============================================================================

Image component sizes


      Code (inc. data)   RO Data    RW Data    ZI Data      Debug   Object Name

       112         10          0          0          0        883   gpio.o
      1096        438          0          8          0       5232   l610_init.o
       432        182          0          0          0       1569   l610_tcp.o
       664        364          0          9        200     455878   main.o
        64         26        304          0       1536        800   startup_stm32f103xe.o
       164         28          0         12          0       6413   stm32f1xx_hal.o
       198         14          0          0          0      28879   stm32f1xx_hal_cortex.o
       374          8          0          0          0       1799   stm32f1xx_hal_dma.o
       514         42          0          0          0       2872   stm32f1xx_hal_gpio.o
        68         10          0          0          0        846   stm32f1xx_hal_msp.o
      1272        100          0          0          0       5116   stm32f1xx_hal_rcc.o
      1432         10          0          0          0      10356   stm32f1xx_hal_uart.o
        44         12          0          0          0       4606   stm32f1xx_it.o
         2          0         24          4          0       1083   system_stm32f1xx.o
       454         64          0         13        391       6437   usart.o

    ----------------------------------------------------------------------
      6914       1308        360         52       2128     532769   Object Totals
         0          0         32          0          0          0   (incl. Generated)
        24          0          0          6          1          0   (incl. Padding)

    ----------------------------------------------------------------------

      Code (inc. data)   RO Data    RW Data    ZI Data      Debug   Library Member Name

        60          8          0          0          0         84   __0sscanf.o
        24          4          0          0          0         84   __2printf.o
         8          0          0          0          0         68   __main.o
       392          4         17          0          0         92   __printf_flags_ss_wp.o
        14          0          0          0          0         68   __printf_wp.o
         0          0          0          0          0          0   __rtentry.o
        12          0          0          0          0          0   __rtentry2.o
         6          0          0          0          0          0   __rtentry4.o
        52          8          0          0          0          0   __scatter.o
        26          0          0          0          0          0   __scatter_copy.o
        28          0          0          0          0          0   __scatter_zi.o
        28          0          0          0          0         68   _chval.o
         6          0          0          0          0          0   _printf_a.o
         6          0          0          0          0          0   _printf_c.o
        44          0          0          0          0        108   _printf_char.o
        48          6          0          0          0         96   _printf_char_common.o
        36          4          0          0          0         80   _printf_char_file.o
        40          0          0          0          0         68   _printf_charcount.o
         6          0          0          0          0          0   _printf_d.o
       120         16          0          0          0         92   _printf_dec.o
         6          0          0          0          0          0   _printf_e.o
         6          0          0          0          0          0   _printf_f.o
      1054          0          0          0          0        216   _printf_fp_dec.o
       764          8         38          0          0        100   _printf_fp_hex.o
       128         16          0          0          0         84   _printf_fp_infnan.o
         6          0          0          0          0          0   _printf_g.o
       148          4         40          0          0        160   _printf_hex_int_ll_ptr.o
         6          0          0          0          0          0   _printf_i.o
       178          0          0          0          0         88   _printf_intcommon.o
        10          0          0          0          0          0   _printf_l.o
         6          0          0          0          0          0   _printf_lc.o
        10          0          0          0          0          0   _printf_ll.o
         6          0          0          0          0          0   _printf_lld.o
         6          0          0          0          0          0   _printf_lli.o
         6          0          0          0          0          0   _printf_llo.o
         6          0          0          0          0          0   _printf_llu.o
         6          0          0          0          0          0   _printf_llx.o
       124         16          0          0          0         92   _printf_longlong_dec.o
         6          0          0          0          0          0   _printf_ls.o
         6          0          0          0          0          0   _printf_n.o
         6          0          0          0          0          0   _printf_o.o
       112         10          0          0          0        124   _printf_oct_int_ll.o
         6          0          0          0          0          0   _printf_p.o
        78          0          0          0          0        108   _printf_pad.o
         0          0          0          0          0          0   _printf_percent.o
         4          0          0          0          0          0   _printf_percent_end.o
         6          0          0          0          0          0   _printf_s.o
        82          0          0          0          0         80   _printf_str.o
        36          0          0          0          0         84   _printf_truncate.o
         6          0          0          0          0          0   _printf_u.o
        44          0          0          0          0        108   _printf_wchar.o
       188          6          8          0          0         92   _printf_wctomb.o
         6          0          0          0          0          0   _printf_x.o
       884          4          0          0          0        100   _scanf.o
       332          0          0          0          0         96   _scanf_int.o
        64          0          0          0          0         84   _sgetc.o
        10          0          0          0          0         68   _sputc.o
        64          0          0          0          0         92   _wcrtomb.o
       228          4        148          0          0         96   bigflt0.o
      1936        128          0          0          0        672   btod.o
        18          0          0          0          0         80   exit.o
         8          0          0          0          0         68   ferror.o
         6          0          0          0          0        152   heapauxi.o
        18          0          0          0          0         76   isspace.o
        44         10        272          0          0         76   lc_ctype_c.o
        44         10         28          0          0         76   lc_numeric_c.o
         2          0          0          0          0          0   libinit.o
        30          0          0          0          0          0   libinit2.o
         2          0          0          0          0          0   libshutdown.o
         2          0          0          0          0          0   libshutdown2.o
         8          4          0          0         96         68   libspace.o
       138          0          0          0          0         80   lludiv10.o
        16          4          0          0          0         76   rt_ctype_table.o
         8          4          0          0          0         68   rt_locale_intlibspace.o
        68          0          0          0          0         68   rt_memclr.o
        78          0          0          0          0         80   rt_memclr_w.o
         2          0          0          0          0          0   rtexit.o
        10          0          0          0          0          0   rtexit2.o
        44          8          0          0          0         84   scanf_char.o
       128          0          0          0          0         68   strcmpv7m.o
        36          0          0          0          0         80   strstr.o
        74          0          0          0          0         80   sys_stackheap_outer.o
         2          0          0          0          0         68   use_no_semi.o
         2          0          0          0          0         68   use_no_semi_2.o
        36          4          0          0          0         76   vsprintf.o
         4          0          0          0          0         68   printf1.o
         4          0          0          0          0         68   printf2.o
         0          0          0          0          0          0   usenofp.o
        40          0          0          0          0         68   fpclassify.o

    ----------------------------------------------------------------------
      8426        290        556          0        100       5148   Library Totals
        18          0          5          0          4          0   (incl. Padding)

    ----------------------------------------------------------------------

      Code (inc. data)   RO Data    RW Data    ZI Data      Debug   Library Name

      8360        290        551          0         96       4944   c_w.l
         8          0          0          0          0        136   fz_ws.l
        40          0          0          0          0         68   m_ws.l

    ----------------------------------------------------------------------
      8426        290        556          0        100       5148   Library Totals

    ----------------------------------------------------------------------

==============================================================================


      Code (inc. data)   RO Data    RW Data    ZI Data      Debug   

     15340       1598        916         52       2228     531673   Grand Totals
     15340       1598        916         52       2228     531673   ELF Image Totals
     15340       1598        916         52          0          0   ROM Totals

==============================================================================

    Total RO  Size (Code + RO Data)                16256 (  15.88kB)
    Total RW  Size (RW Data + ZI Data)              2280 (   2.23kB)
    Total ROM Size (Code + RO Data + RW Data)      16308 (  15.93kB)

==============================================================================

